BL51 BANKED LINKER/LOCATER V6.22                                                        02/08/2026  17:43:39  PAGE 1


BL51 BANKED LINKER/LOCATER V6.22, INVOKED BY:
D:\KEIL\C51\BIN\BL51.EXE .\Objects\STARTUP.obj, .\Objects\Delay.obj, .\Objects\MatrixKey.obj, .\Objects\LCD1602.obj, .\O
>> bjects\main.obj TO .\Objects\test PRINT (.\Listings\test.m51) RAMSIZE (256)


MEMORY MODEL: SMALL


INPUT MODULES INCLUDED:
  .\Objects\STARTUP.obj (?C_STARTUP)
  .\Objects\Delay.obj (DELAY)
  .\Objects\MatrixKey.obj (MATRIXKEY)
  .\Objects\LCD1602.obj (LCD1602)
  .\Objects\main.obj (MAIN)
  D:\KEIL\C51\LIB\C51S.LIB (?C?CLDOPTR)
  D:\KEIL\C51\LIB\C51S.LIB (?C?IMUL)
  D:\KEIL\C51\LIB\C51S.LIB (?C?UIDIV)


LINK MAP OF MODULE:  .\Objects\test (?C_STARTUP)


            TYPE    BASE      LENGTH    RELOCATION   SEGMENT NAME
            -----------------------------------------------------

            * * * * * * *   D A T A   M E M O R Y   * * * * * * *
            REG     0000H     0008H     ABSOLUTE     "REG BANK 0"
            DATA    0008H     0009H     UNIT         _DATA_GROUP_
            DATA    0011H     0007H     UNIT         ?DT?_LCD_SHOWSIGNEDNUM?LCD1602
            DATA    0018H     0005H     UNIT         ?DT?_LCD_SHOWHEXNUM?LCD1602
            DATA    001DH     0005H     UNIT         ?DT?_LCD_SHOWBINNUM?LCD1602
            DATA    0022H     0005H     UNIT         ?DT?MAIN
            IDATA   0027H     0001H     UNIT         ?STACK

            * * * * * * *   C O D E   M E M O R Y   * * * * * * *
            CODE    0000H     0003H     ABSOLUTE     
            CODE    0003H     0189H     UNIT         ?PR?MATRIXKEY?MATRIXKEY
            CODE    018CH     00B2H     UNIT         ?PR?MAIN?MAIN
            CODE    023EH     0094H     UNIT         ?C?LIB_CODE
            CODE    02D2H     003AH     UNIT         ?PR?_LCD_SHOWSIGNEDNUM?LCD1602
            CODE    030CH     0039H     UNIT         ?PR?_LCD_SHOWHEXNUM?LCD1602
            CODE    0345H     0038H     UNIT         ?PR?_LCD_SHOWBINNUM?LCD1602
            CODE    037DH     0033H     UNIT         ?PR?_LCD_POW?LCD1602
            CODE    03B0H     0023H     UNIT         ?PR?_LCD_SHOWSTRING?LCD1602
            CODE    03D3H     001EH     UNIT         ?PR?_LCD_WRITEDATA?LCD1602
            CODE    03F1H     001DH     UNIT         ?PR?_LCD_SHOWNUM?LCD1602
            CODE    040EH     0016H     UNIT         ?PR?_LCD_SETCURSOR?LCD1602
            CODE    0424H     0015H     UNIT         ?PR?_DELAY?DELAY
            CODE    0439H     0014H     UNIT         ?PR?LCD_INIT?LCD1602
            CODE    044DH     0011H     UNIT         ?CO?MAIN
            CODE    045EH     000FH     UNIT         ?PR?LCD_DELAY?LCD1602
            CODE    046DH     000CH     UNIT         ?C_C51STARTUP
            CODE    0479H     000AH     UNIT         ?PR?_LCD_WRITECOMMAND?LCD1602
            CODE    0483H     000AH     UNIT         ?PR?_LCD_SHOWCHAR?LCD1602



OVERLAY MAP OF MODULE:   .\Objects\test (?C_STARTUP)
BL51 BANKED LINKER/LOCATER V6.22                                                      02/08/2026  17:43:39  PAGE 2




SEGMENT                                  DATA_GROUP 
  +--> CALLED SEGMENT                  START    LENGTH
------------------------------------------------------
?C_C51STARTUP                          -----    -----
  +--> ?PR?MAIN?MAIN

?PR?MAIN?MAIN                          -----    -----
  +--> ?PR?LCD_INIT?LCD1602
  +--> ?CO?MAIN
  +--> ?PR?_LCD_SHOWSTRING?LCD1602
  +--> ?PR?MATRIXKEY?MATRIXKEY
  +--> ?PR?_LCD_SHOWNUM?LCD1602

?PR?LCD_INIT?LCD1602                   -----    -----
  +--> ?PR?_LCD_WRITECOMMAND?LCD1602

?PR?_LCD_WRITECOMMAND?LCD1602          -----    -----
  +--> ?PR?LCD_DELAY?LCD1602

?PR?_LCD_SHOWSTRING?LCD1602            0008H    0003H
  +--> ?PR?_LCD_SETCURSOR?LCD1602
  +--> ?PR?_LCD_WRITEDATA?LCD1602

?PR?_LCD_SETCURSOR?LCD1602             -----    -----
  +--> ?PR?_LCD_WRITECOMMAND?LCD1602

?PR?_LCD_WRITEDATA?LCD1602             -----    -----
  +--> ?PR?LCD_DELAY?LCD1602

?PR?MATRIXKEY?MATRIXKEY                0008H    0001H
  +--> ?PR?_DELAY?DELAY

?PR?_LCD_SHOWNUM?LCD1602               0008H    0005H
  +--> ?PR?_LCD_SETCURSOR?LCD1602
  +--> ?PR?_LCD_POW?LCD1602
  +--> ?PR?_LCD_WRITEDATA?LCD1602

?PR?_LCD_POW?LCD1602                   000DH    0004H



SYMBOL TABLE OF MODULE:  .\Objects\test (?C_STARTUP)

  VALUE           TYPE          NAME
  ----------------------------------

  -------         MODULE        ?C_STARTUP
  C:046DH         SEGMENT       ?C_C51STARTUP
  I:0027H         SEGMENT       ?STACK
  C:0000H         PUBLIC        ?C_STARTUP
  D:00E0H         SYMBOL        ACC
  D:00F0H         SYMBOL        B
  D:0083H         SYMBOL        DPH
  D:0082H         SYMBOL        DPL
  N:0000H         SYMBOL        IBPSTACK
BL51 BANKED LINKER/LOCATER V6.22                                                      02/08/2026  17:43:39  PAGE 3


  N:0100H         SYMBOL        IBPSTACKTOP
  N:0080H         SYMBOL        IDATALEN
  C:0470H         SYMBOL        IDATALOOP
  N:0000H         SYMBOL        PBPSTACK
  N:0100H         SYMBOL        PBPSTACKTOP
  N:0000H         SYMBOL        PDATALEN
  N:0000H         SYMBOL        PDATASTART
  N:0000H         SYMBOL        PPAGE
  N:0000H         SYMBOL        PPAGEENABLE
  D:00A0H         SYMBOL        PPAGE_SFR
  D:0081H         SYMBOL        SP
  C:046DH         SYMBOL        STARTUP1
  N:0000H         SYMBOL        XBPSTACK
  N:0000H         SYMBOL        XBPSTACKTOP
  N:0000H         SYMBOL        XDATALEN
  N:0000H         SYMBOL        XDATASTART
  C:0000H         LINE#         126
  C:046DH         LINE#         133
  C:046FH         LINE#         134
  C:0470H         LINE#         135
  C:0471H         LINE#         136
  C:0473H         LINE#         185
  C:0476H         LINE#         196
  -------         ENDMOD        ?C_STARTUP

  -------         MODULE        DELAY
  C:0000H         SYMBOL        _ICE_DUMMY_
  C:0424H         PUBLIC        _Delay
  -------         PROC          _DELAY
  D:0006H         SYMBOL        xms
  -------         DO            
  D:0005H         SYMBOL        i
  D:0004H         SYMBOL        j
  -------         ENDDO         
  C:0424H         LINE#         2
  C:0424H         LINE#         3
  C:0424H         LINE#         5
  C:042EH         LINE#         6
  C:042EH         LINE#         7
  C:0430H         LINE#         8
  C:0432H         LINE#         10
  C:0432H         LINE#         11
  C:0434H         LINE#         12
  C:0436H         LINE#         13
  C:0438H         LINE#         14
  -------         ENDPROC       _DELAY
  -------         ENDMOD        DELAY

  -------         MODULE        MATRIXKEY
  C:0000H         SYMBOL        _ICE_DUMMY_
  D:0090H         PUBLIC        P1
  D:00B0H         PUBLIC        P3
  D:00A8H         PUBLIC        IE
  B:0090H.0       PUBLIC        P1_0
  B:0090H.1       PUBLIC        P1_1
  B:0090H.2       PUBLIC        P1_2
  B:0090H.3       PUBLIC        P1_3
BL51 BANKED LINKER/LOCATER V6.22                                                      02/08/2026  17:43:39  PAGE 4


  B:0090H.4       PUBLIC        P1_4
  B:0090H.5       PUBLIC        P1_5
  B:0090H.6       PUBLIC        P1_6
  B:0090H.7       PUBLIC        P1_7
  D:00B8H         PUBLIC        IP
  C:0003H         PUBLIC        MatrixKey
  D:0098H         PUBLIC        SCON
  D:0088H         PUBLIC        TCON
  D:00C8H         PUBLIC        T2CON
  D:00D0H         PUBLIC        PSW
  -------         PROC          MATRIXKEY
  -------         DO            
  D:0008H         SYMBOL        KeyNumber
  -------         ENDDO         
  C:0003H         LINE#         13
  C:0003H         LINE#         14
  C:0003H         LINE#         15
  C:0006H         LINE#         16
  C:0009H         LINE#         17
  C:000BH         LINE#         18
  C:0021H         LINE#         19
  C:0038H         LINE#         20
  C:004FH         LINE#         21
  C:0066H         LINE#         23
  C:0069H         LINE#         24
  C:006BH         LINE#         25
  C:0082H         LINE#         26
  C:0099H         LINE#         27
  C:00B0H         LINE#         28
  C:00C7H         LINE#         30
  C:00CAH         LINE#         31
  C:00CCH         LINE#         32
  C:00E3H         LINE#         33
  C:00FAH         LINE#         34
  C:0111H         LINE#         35
  C:0128H         LINE#         37
  C:012BH         LINE#         38
  C:012DH         LINE#         39
  C:0144H         LINE#         40
  C:015BH         LINE#         41
  C:0172H         LINE#         42
  C:0189H         LINE#         43
  C:018BH         LINE#         44
  -------         ENDPROC       MATRIXKEY
  -------         ENDMOD        MATRIXKEY

  -------         MODULE        LCD1602
  C:0000H         SYMBOL        _ICE_DUMMY_
  D:0080H         PUBLIC        P0
  D:0090H         PUBLIC        P1
  D:00A0H         PUBLIC        P2
  D:00B0H         PUBLIC        P3
  C:0479H         PUBLIC        _LCD_WriteCommand
  C:03F1H         PUBLIC        _LCD_ShowNum
  D:00A8H         PUBLIC        IE
  D:00B8H         PUBLIC        IP
  C:0345H         PUBLIC        _LCD_ShowBinNum
BL51 BANKED LINKER/LOCATER V6.22                                                      02/08/2026  17:43:39  PAGE 5


  C:0464H         PUBLIC        LCD_Delay
  C:030CH         PUBLIC        _LCD_ShowHexNum
  D:0098H         PUBLIC        SCON
  D:0088H         PUBLIC        TCON
  C:03E7H         PUBLIC        _LCD_WriteData
  B:00A0H.7       PUBLIC        LCD_EN
  C:0439H         PUBLIC        LCD_Init
  C:03B0H         PUBLIC        _LCD_ShowString
  C:0483H         PUBLIC        _LCD_ShowChar
  B:00A0H.6       PUBLIC        LCD_RS
  B:00A0H.5       PUBLIC        LCD_RW
  C:040EH         PUBLIC        _LCD_SetCursor
  D:00C8H         PUBLIC        T2CON
  C:02D2H         PUBLIC        _LCD_ShowSignedNum
  C:0389H         PUBLIC        _LCD_Pow
  D:00D0H         PUBLIC        PSW
  -------         PROC          L?0048
  -------         ENDPROC       L?0048
  -------         PROC          LCD_DELAY
  -------         DO            
  D:0007H         SYMBOL        i
  D:0006H         SYMBOL        j
  -------         ENDDO         
  C:0464H         LINE#         15
  C:0464H         LINE#         16
  C:0464H         LINE#         19
  C:0466H         LINE#         20
  C:0468H         LINE#         22
  C:0468H         LINE#         23
  C:046AH         LINE#         24
  C:046CH         LINE#         25
  -------         ENDPROC       LCD_DELAY
  -------         PROC          _LCD_WRITECOMMAND
  D:0007H         SYMBOL        Command
  C:0479H         LINE#         32
  C:0479H         LINE#         33
  C:0479H         LINE#         34
  C:047BH         LINE#         35
  C:047BH         LINE#         36
  C:047BH         LINE#         37
  C:047BH         LINE#         38
  C:047EH         LINE#         39
  C:0480H         LINE#         40
  -------         ENDPROC       _LCD_WRITECOMMAND
  -------         PROC          L?0047
  -------         ENDPROC       L?0047
  -------         PROC          _LCD_WRITEDATA
  D:0007H         SYMBOL        Data
  C:03E7H         LINE#         48
  C:03E7H         LINE#         49
  C:03E7H         LINE#         50
  C:03E9H         LINE#         51
  C:03E9H         LINE#         52
  C:03E9H         LINE#         53
  C:03E9H         LINE#         54
  C:03ECH         LINE#         55
  C:03EEH         LINE#         56
BL51 BANKED LINKER/LOCATER V6.22                                                      02/08/2026  17:43:39  PAGE 6


  -------         ENDPROC       _LCD_WRITEDATA
  -------         PROC          _LCD_SETCURSOR
  D:0006H         SYMBOL        Line
  D:0005H         SYMBOL        Column
  C:040EH         LINE#         65
  C:0410H         LINE#         66
  C:0410H         LINE#         67
  C:0413H         LINE#         68
  C:0413H         LINE#         69
  C:0415H         LINE#         70
  C:0417H         LINE#         71
  C:041AH         LINE#         72
  C:041AH         LINE#         73
  C:0423H         LINE#         74
  C:0423H         LINE#         75
  -------         ENDPROC       _LCD_SETCURSOR
  -------         PROC          LCD_INIT
  C:0439H         LINE#         82
  C:0439H         LINE#         83
  C:0439H         LINE#         84
  C:043EH         LINE#         85
  C:0443H         LINE#         86
  C:0448H         LINE#         87
  -------         ENDPROC       LCD_INIT
  -------         PROC          _LCD_SHOWCHAR
  D:0006H         SYMBOL        Line
  D:0005H         SYMBOL        Column
  D:0004H         SYMBOL        Char
  C:0483H         LINE#         97
  C:0485H         LINE#         98
  C:0485H         LINE#         99
  C:0488H         LINE#         100
  -------         ENDPROC       _LCD_SHOWCHAR
  -------         PROC          _LCD_SHOWSTRING
  D:0007H         SYMBOL        Line
  D:0005H         SYMBOL        Column
  D:0008H         SYMBOL        String
  -------         DO            
  D:0005H         SYMBOL        i
  -------         ENDDO         
  C:03B0H         LINE#         110
  C:03B6H         LINE#         111
  C:03B6H         LINE#         113
  C:03B9H         LINE#         114
  C:03CCH         LINE#         115
  C:03CCH         LINE#         116
  C:03CFH         LINE#         117
  C:03D2H         LINE#         118
  -------         ENDPROC       _LCD_SHOWSTRING
  C:037FH         SYMBOL        L?0046
  -------         PROC          L?0045
  -------         ENDPROC       L?0045
  C:037FH         SYMBOL        L?0046
  -------         PROC          _LCD_POW
  D:000DH         SYMBOL        X
  D:000FH         SYMBOL        Y
  -------         DO            
BL51 BANKED LINKER/LOCATER V6.22                                                      02/08/2026  17:43:39  PAGE 7


  D:0003H         SYMBOL        i
  D:0006H         SYMBOL        Result
  -------         ENDDO         
  C:0389H         LINE#         123
  C:0391H         LINE#         124
  C:0391H         LINE#         126
  C:0395H         LINE#         127
  C:03A5H         LINE#         128
  C:03A5H         LINE#         129
  C:03ACH         LINE#         130
  C:03AFH         LINE#         131
  C:03AFH         LINE#         132
  -------         ENDPROC       _LCD_POW
  -------         PROC          _LCD_SHOWNUM
  D:0007H         SYMBOL        Line
  D:0005H         SYMBOL        Column
  D:000AH         SYMBOL        Number
  D:000CH         SYMBOL        Length
  -------         DO            
  D:0002H         SYMBOL        i
  -------         ENDDO         
  C:03F1H         LINE#         142
  C:03F5H         LINE#         143
  C:03F5H         LINE#         145
  C:03F8H         LINE#         146
  C:0400H         LINE#         147
  C:0400H         LINE#         148
  C:040AH         LINE#         149
  C:040DH         LINE#         150
  -------         ENDPROC       _LCD_SHOWNUM
  -------         PROC          _LCD_SHOWSIGNEDNUM
  D:0007H         SYMBOL        Line
  D:0005H         SYMBOL        Column
  D:0002H         SYMBOL        Number
  D:0015H         SYMBOL        Length
  -------         DO            
  D:0002H         SYMBOL        i
  D:0016H         SYMBOL        Number1
  -------         ENDDO         
  C:02D2H         LINE#         160
  C:02D2H         LINE#         161
  C:02D2H         LINE#         164
  C:02D5H         LINE#         165
  C:02DDH         LINE#         166
  C:02DDH         LINE#         167
  C:02E2H         LINE#         168
  C:02E6H         LINE#         169
  C:02E8H         LINE#         171
  C:02E8H         LINE#         172
  C:02EDH         LINE#         173
  C:02F6H         LINE#         174
  C:02F6H         LINE#         175
  C:02FEH         LINE#         176
  C:02FEH         LINE#         177
  C:0308H         LINE#         178
  C:030BH         LINE#         179
  -------         ENDPROC       _LCD_SHOWSIGNEDNUM
BL51 BANKED LINKER/LOCATER V6.22                                                      02/08/2026  17:43:39  PAGE 8


  -------         PROC          _LCD_SHOWHEXNUM
  D:0007H         SYMBOL        Line
  D:0005H         SYMBOL        Column
  D:001AH         SYMBOL        Number
  D:001CH         SYMBOL        Length
  -------         DO            
  D:0002H         SYMBOL        i
  D:0006H         SYMBOL        SingleNumber
  -------         ENDDO         
  C:030CH         LINE#         189
  C:0310H         LINE#         190
  C:0310H         LINE#         192
  C:0313H         LINE#         193
  C:031BH         LINE#         194
  C:031BH         LINE#         195
  C:0331H         LINE#         196
  C:0337H         LINE#         197
  C:0337H         LINE#         198
  C:0339H         LINE#         199
  C:033BH         LINE#         201
  C:033BH         LINE#         202
  C:0341H         LINE#         203
  C:0341H         LINE#         204
  C:0344H         LINE#         205
  -------         ENDPROC       _LCD_SHOWHEXNUM
  -------         PROC          _LCD_SHOWBINNUM
  D:0007H         SYMBOL        Line
  D:0005H         SYMBOL        Column
  D:001FH         SYMBOL        Number
  D:0021H         SYMBOL        Length
  -------         DO            
  D:0002H         SYMBOL        i
  -------         ENDDO         
  C:0345H         LINE#         215
  C:0349H         LINE#         216
  C:0349H         LINE#         218
  C:034CH         LINE#         219
  C:0354H         LINE#         220
  C:0354H         LINE#         221
  C:0379H         LINE#         222
  C:037CH         LINE#         223
  -------         ENDPROC       _LCD_SHOWBINNUM
  -------         ENDMOD        LCD1602

  -------         MODULE        MAIN
  C:0000H         SYMBOL        _ICE_DUMMY_
  D:0090H         PUBLIC        P1
  D:00B0H         PUBLIC        P3
  D:0022H         PUBLIC        Count
  D:00A8H         PUBLIC        IE
  D:00B8H         PUBLIC        IP
  C:018CH         PUBLIC        main
  D:0098H         PUBLIC        SCON
  D:0088H         PUBLIC        TCON
  D:0024H         PUBLIC        Password
  D:0026H         PUBLIC        KeyNum
  D:00C8H         PUBLIC        T2CON
BL51 BANKED LINKER/LOCATER V6.22                                                      02/08/2026  17:43:39  PAGE 9


  D:00D0H         PUBLIC        PSW
  -------         PROC          MAIN
  C:018CH         LINE#         9
  C:018CH         LINE#         10
  C:018CH         LINE#         11
  C:018FH         LINE#         12
  C:019CH         LINE#         13
  C:019CH         LINE#         14
  C:019CH         LINE#         15
  C:01A1H         LINE#         16
  C:01A5H         LINE#         17
  C:01A5H         LINE#         18
  C:01AAH         LINE#         19
  C:01AAH         LINE#         20
  C:01B9H         LINE#         21
  C:01CAH         LINE#         22
  C:01D2H         LINE#         23
  C:01D2H         LINE#         24
  C:01E0H         LINE#         25
  C:01E0H         LINE#         26
  C:01E6H         LINE#         27
  C:01E6H         LINE#         28
  C:01F0H         LINE#         29
  C:01F0H         LINE#         30
  C:01F6H         LINE#         31
  C:01F6H         LINE#         32
  C:01F6H         LINE#         33
  C:01F6H         LINE#         35
  C:01F8H         LINE#         37
  C:01F8H         LINE#         38
  C:0205H         LINE#         39
  C:020AH         LINE#         40
  C:020EH         LINE#         41
  C:021CH         LINE#         42
  C:021CH         LINE#         44
  C:021CH         LINE#         45
  C:0225H         LINE#         46
  C:0225H         LINE#         47
  C:0229H         LINE#         48
  C:022DH         LINE#         49
  C:023BH         LINE#         50
  C:023BH         LINE#         51
  -------         ENDPROC       MAIN
  -------         ENDMOD        MAIN

  -------         MODULE        ?C?CLDOPTR
  C:023EH         PUBLIC        ?C?CLDOPTR
  -------         ENDMOD        ?C?CLDOPTR

  -------         MODULE        ?C?IMUL
  C:026BH         PUBLIC        ?C?IMUL
  -------         ENDMOD        ?C?IMUL

  -------         MODULE        ?C?UIDIV
  C:027DH         PUBLIC        ?C?UIDIV
  -------         ENDMOD        ?C?UIDIV

BL51 BANKED LINKER/LOCATER V6.22                                                      02/08/2026  17:43:39  PAGE 10


*** WARNING L16: UNCALLED SEGMENT, IGNORED FOR OVERLAY PROCESS
    SEGMENT: ?PR?_LCD_SHOWCHAR?LCD1602

*** WARNING L16: UNCALLED SEGMENT, IGNORED FOR OVERLAY PROCESS
    SEGMENT: ?PR?_LCD_SHOWSIGNEDNUM?LCD1602

*** WARNING L16: UNCALLED SEGMENT, IGNORED FOR OVERLAY PROCESS
    SEGMENT: ?PR?_LCD_SHOWHEXNUM?LCD1602

*** WARNING L16: UNCALLED SEGMENT, IGNORED FOR OVERLAY PROCESS
    SEGMENT: ?PR?_LCD_SHOWBINNUM?LCD1602

Program Size: data=40.0 xdata=0 code=1165
LINK/LOCATE RUN COMPLETE.  4 WARNING(S),  0 ERROR(S)
