BL51 BANKED LINKER/LOCATER V6.22                                                        03/03/2026  15:58:55  PAGE 1


BL51 BANKED LINKER/LOCATER V6.22, INVOKED BY:
D:\KEIL\C51\BIN\BL51.EXE .\Objects\STARTUP.obj, .\Objects\AT24C02.obj, .\Objects\Delay.obj, .\Objects\I2C.obj, .\Objects
>> \Key.obj, .\Objects\LCD1602.obj, .\Objects\main.obj, .\Objects\Timer0.obj, .\Objects\Nixie.obj TO .\Objects\test PRIN
>> T (.\Listings\test.m51) RAMSIZE (256)


MEMORY MODEL: SMALL


INPUT MODULES INCLUDED:
  .\Objects\STARTUP.obj (?C_STARTUP)
  .\Objects\AT24C02.obj (AT24C02)
  .\Objects\Delay.obj (DELAY)
  .\Objects\I2C.obj (I2C)
  .\Objects\Key.obj (KEY)
  .\Objects\LCD1602.obj (LCD1602)
  .\Objects\main.obj (MAIN)
  .\Objects\Timer0.obj (TIMER0)
  .\Objects\Nixie.obj (NIXIE)
  D:\KEIL\C51\LIB\C51S.LIB (?C_INIT)
  D:\KEIL\C51\LIB\C51S.LIB (?C?CLDOPTR)
  D:\KEIL\C51\LIB\C51S.LIB (?C?IMUL)
  D:\KEIL\C51\LIB\C51S.LIB (?C?UIDIV)
  D:\KEIL\C51\LIB\C51S.LIB (?C?ULCMP)


LINK MAP OF MODULE:  .\Objects\test (?C_STARTUP)


            TYPE    BASE      LENGTH    RELOCATION   SEGMENT NAME
            -----------------------------------------------------

            * * * * * * *   D A T A   M E M O R Y   * * * * * * *
            REG     0000H     0008H     ABSOLUTE     "REG BANK 0"
            DATA    0008H     0016H     UNIT         ?DT?NIXIE
            DATA    001EH     000CH     UNIT         ?DT?MAIN
            DATA    002AH     0007H     UNIT         ?DT?_LCD_SHOWSIGNEDNUM?LCD1602
            DATA    0031H     0005H     UNIT         ?DT?_LCD_SHOWNUM?LCD1602
            DATA    0036H     0005H     UNIT         ?DT?_LCD_SHOWHEXNUM?LCD1602
            DATA    003BH     0005H     UNIT         ?DT?_LCD_SHOWBINNUM?LCD1602
            DATA    0040H     0004H     UNIT         ?DT?_LCD_POW?LCD1602
            DATA    0044H     0003H     UNIT         _DATA_GROUP_
            IDATA   0047H     0001H     UNIT         ?STACK

            * * * * * * *   C O D E   M E M O R Y   * * * * * * *
            CODE    0000H     0003H     ABSOLUTE     
            CODE    0003H     0007H     UNIT         ?PR?I2C_STOP?I2C
                    000AH     0001H                  *** GAP ***
            CODE    000BH     0003H     ABSOLUTE     
            CODE    000EH     01CEH     UNIT         ?PR?MAIN?MAIN
            CODE    01DCH     00A5H     UNIT         ?C?LIB_CODE
            CODE    0281H     008CH     UNIT         ?C_C51STARTUP
            CODE    030DH     007AH     UNIT         ?PR?KEY?KEY
            CODE    0387H     0066H     UNIT         ?PR?_NIXIE_SCAN?NIXIE
            CODE    03EDH     005BH     UNIT         ?PR?TIMER0_ROUTINE?MAIN
            CODE    0448H     003AH     UNIT         ?PR?_LCD_SHOWSIGNEDNUM?LCD1602
            CODE    0482H     0039H     UNIT         ?PR?_LCD_SHOWHEXNUM?LCD1602
            CODE    04BBH     0038H     UNIT         ?PR?_LCD_SHOWBINNUM?LCD1602
BL51 BANKED LINKER/LOCATER V6.22                                                      03/03/2026  15:58:55  PAGE 2


            CODE    04F3H     0033H     UNIT         ?PR?_LCD_POW?LCD1602
            CODE    0526H     0031H     UNIT         ?PR?SEC_LOOP?MAIN
            CODE    0557H     0030H     UNIT         ?PR?_AT24C02_READBYTE?AT24C02
            CODE    0587H     0029H     UNIT         ?PR?_I2C_SENDBYTE?I2C
            CODE    05B0H     0024H     UNIT         ?PR?_AT24C02_WRITEBYTE?AT24C02
            CODE    05D4H     0023H     UNIT         ?PR?_LCD_SHOWSTRING?LCD1602
            CODE    05F7H     001EH     UNIT         ?PR?I2C_RECEIVEBYTE?I2C
            CODE    0615H     001EH     UNIT         ?PR?_LCD_WRITEDATA?LCD1602
            CODE    0633H     001DH     UNIT         ?PR?_LCD_SHOWNUM?LCD1602
            CODE    0650H     001BH     UNIT         ?PR?NIXIE_SCAN_LOOP?NIXIE
            CODE    066BH     001AH     UNIT         ?C_INITSEG
            CODE    0685H     0017H     UNIT         ?PR?TIMER0_INIT?TIMER0
            CODE    069CH     0016H     UNIT         ?PR?_LCD_SETCURSOR?LCD1602
            CODE    06B2H     0015H     UNIT         ?PR?_DELAY?DELAY
            CODE    06C7H     0014H     UNIT         ?PR?LCD_INIT?LCD1602
            CODE    06DBH     0012H     UNIT         ?CO?MAIN
            CODE    06EDH     000FH     UNIT         ?PR?LCD_DELAY?LCD1602
            CODE    06FCH     000CH     UNIT         ?PR?I2C_RECEIVEACK?I2C
            CODE    0708H     000AH     UNIT         ?PR?_I2C_SENDACK?I2C
            CODE    0712H     000AH     UNIT         ?PR?_LCD_WRITECOMMAND?LCD1602
            CODE    071CH     000AH     UNIT         ?PR?_LCD_SHOWCHAR?LCD1602
            CODE    0726H     0009H     UNIT         ?PR?I2C_START?I2C
            CODE    072FH     0009H     UNIT         ?PR?_NIXIE_SETBUF?NIXIE



OVERLAY MAP OF MODULE:   .\Objects\test (?C_STARTUP)


SEGMENT                                  DATA_GROUP 
  +--> CALLED SEGMENT                  START    LENGTH
------------------------------------------------------
?C_C51STARTUP                          -----    -----
  +--> ?PR?MAIN?MAIN
  +--> ?C_INITSEG

?PR?MAIN?MAIN                          -----    -----
  +--> ?PR?LCD_INIT?LCD1602
  +--> ?CO?MAIN
  +--> ?PR?_LCD_SHOWSTRING?LCD1602
  +--> ?PR?TIMER0_INIT?TIMER0
  +--> ?PR?KEY?KEY
  +--> ?PR?_AT24C02_READBYTE?AT24C02
  +--> ?PR?_AT24C02_WRITEBYTE?AT24C02
  +--> ?PR?_DELAY?DELAY
  +--> ?PR?_LCD_SHOWCHAR?LCD1602
  +--> ?PR?_NIXIE_SETBUF?NIXIE

?PR?LCD_INIT?LCD1602                   -----    -----
  +--> ?PR?_LCD_WRITECOMMAND?LCD1602

?PR?_LCD_WRITECOMMAND?LCD1602          -----    -----
  +--> ?PR?LCD_DELAY?LCD1602

?PR?_LCD_SHOWSTRING?LCD1602            0044H    0003H
  +--> ?PR?_LCD_SETCURSOR?LCD1602
  +--> ?PR?_LCD_WRITEDATA?LCD1602
BL51 BANKED LINKER/LOCATER V6.22                                                      03/03/2026  15:58:55  PAGE 3



?PR?_LCD_SETCURSOR?LCD1602             -----    -----
  +--> ?PR?_LCD_WRITECOMMAND?LCD1602

?PR?_LCD_WRITEDATA?LCD1602             -----    -----
  +--> ?PR?LCD_DELAY?LCD1602

?PR?KEY?KEY                            0044H    0001H
  +--> ?PR?_DELAY?DELAY

?PR?_AT24C02_READBYTE?AT24C02          0044H    0002H
  +--> ?PR?I2C_START?I2C
  +--> ?PR?_I2C_SENDBYTE?I2C
  +--> ?PR?I2C_RECEIVEACK?I2C
  +--> ?PR?I2C_RECEIVEBYTE?I2C
  +--> ?PR?_I2C_SENDACK?I2C
  +--> ?PR?I2C_STOP?I2C

?PR?_AT24C02_WRITEBYTE?AT24C02         0044H    0003H
  +--> ?PR?I2C_START?I2C
  +--> ?PR?_I2C_SENDBYTE?I2C
  +--> ?PR?I2C_RECEIVEACK?I2C
  +--> ?PR?I2C_STOP?I2C

?PR?_LCD_SHOWCHAR?LCD1602              -----    -----
  +--> ?PR?_LCD_SETCURSOR?LCD1602
  +--> ?PR?_LCD_WRITEDATA?LCD1602

*** NEW ROOT ***************************************************

?PR?TIMER0_ROUTINE?MAIN                -----    -----
  +--> ?PR?NIXIE_SCAN_LOOP?NIXIE
  +--> ?PR?SEC_LOOP?MAIN

?PR?NIXIE_SCAN_LOOP?NIXIE              -----    -----
  +--> ?PR?_NIXIE_SCAN?NIXIE



SYMBOL TABLE OF MODULE:  .\Objects\test (?C_STARTUP)

  VALUE           TYPE          NAME
  ----------------------------------

  -------         MODULE        ?C_STARTUP
  C:0281H         SEGMENT       ?C_C51STARTUP
  I:0047H         SEGMENT       ?STACK
  C:0000H         PUBLIC        ?C_STARTUP
  D:00E0H         SYMBOL        ACC
  D:00F0H         SYMBOL        B
  D:0083H         SYMBOL        DPH
  D:0082H         SYMBOL        DPL
  N:0000H         SYMBOL        IBPSTACK
  N:0100H         SYMBOL        IBPSTACKTOP
  N:0080H         SYMBOL        IDATALEN
  C:0284H         SYMBOL        IDATALOOP
  N:0000H         SYMBOL        PBPSTACK
BL51 BANKED LINKER/LOCATER V6.22                                                      03/03/2026  15:58:55  PAGE 4


  N:0100H         SYMBOL        PBPSTACKTOP
  N:0000H         SYMBOL        PDATALEN
  N:0000H         SYMBOL        PDATASTART
  N:0000H         SYMBOL        PPAGE
  N:0000H         SYMBOL        PPAGEENABLE
  D:00A0H         SYMBOL        PPAGE_SFR
  D:0081H         SYMBOL        SP
  C:0281H         SYMBOL        STARTUP1
  N:0000H         SYMBOL        XBPSTACK
  N:0000H         SYMBOL        XBPSTACKTOP
  N:0000H         SYMBOL        XDATALEN
  N:0000H         SYMBOL        XDATASTART
  C:0000H         LINE#         126
  C:0281H         LINE#         133
  C:0283H         LINE#         134
  C:0284H         LINE#         135
  C:0285H         LINE#         136
  C:0287H         LINE#         185
  C:028AH         LINE#         196
  -------         ENDMOD        ?C_STARTUP

  -------         MODULE        AT24C02
  C:0000H         SYMBOL        _ICE_DUMMY_
  D:0090H         PUBLIC        P1
  D:00B0H         PUBLIC        P3
  D:00A8H         PUBLIC        IE
  D:00B8H         PUBLIC        IP
  C:05B0H         PUBLIC        _AT24C02_WriteByte
  D:0098H         PUBLIC        SCON
  D:0088H         PUBLIC        TCON
  C:0557H         PUBLIC        _At24C02_ReadByte
  D:00C8H         PUBLIC        T2CON
  D:00D0H         PUBLIC        PSW
  -------         PROC          _AT24C02_WRITEBYTE
  D:0044H         SYMBOL        WordAddress
  D:0045H         SYMBOL        Data
  C:05B0H         LINE#         7
  C:05B6H         LINE#         8
  C:05B6H         LINE#         9
  C:05B9H         LINE#         10
  C:05BEH         LINE#         11
  C:05C1H         LINE#         12
  C:05C6H         LINE#         13
  C:05C9H         LINE#         14
  C:05CEH         LINE#         15
  C:05D1H         LINE#         16
  -------         ENDPROC       _AT24C02_WRITEBYTE
  -------         PROC          _AT24C02_READBYTE
  D:0044H         SYMBOL        WordAddress
  -------         DO            
  D:0045H         SYMBOL        Data
  -------         ENDDO         
  C:0557H         LINE#         19
  C:0559H         LINE#         20
  C:0559H         LINE#         22
  C:055CH         LINE#         23
  C:0561H         LINE#         24
BL51 BANKED LINKER/LOCATER V6.22                                                      03/03/2026  15:58:55  PAGE 5


  C:0564H         LINE#         25
  C:0569H         LINE#         26
  C:056CH         LINE#         27
  C:056FH         LINE#         28
  C:0574H         LINE#         29
  C:0577H         LINE#         30
  C:057CH         LINE#         31
  C:0581H         LINE#         32
  C:0584H         LINE#         33
  C:0586H         LINE#         34
  -------         ENDPROC       _AT24C02_READBYTE
  -------         ENDMOD        AT24C02

  -------         MODULE        DELAY
  C:0000H         SYMBOL        _ICE_DUMMY_
  C:06B2H         PUBLIC        _Delay
  -------         PROC          _DELAY
  D:0006H         SYMBOL        xms
  -------         DO            
  D:0005H         SYMBOL        i
  D:0004H         SYMBOL        j
  -------         ENDDO         
  C:06B2H         LINE#         2
  C:06B2H         LINE#         3
  C:06B2H         LINE#         5
  C:06BCH         LINE#         6
  C:06BCH         LINE#         7
  C:06BEH         LINE#         8
  C:06C0H         LINE#         10
  C:06C0H         LINE#         11
  C:06C2H         LINE#         12
  C:06C4H         LINE#         13
  C:06C6H         LINE#         14
  -------         ENDPROC       _DELAY
  -------         ENDMOD        DELAY

  -------         MODULE        I2C
  C:0000H         SYMBOL        _ICE_DUMMY_
  D:0090H         PUBLIC        P1
  B:00A0H.1       PUBLIC        I2C_SCL
  D:00A0H         PUBLIC        P2
  D:00B0H         PUBLIC        P3
  D:00A8H         PUBLIC        IE
  D:00B8H         PUBLIC        IP
  C:0726H         PUBLIC        I2C_Start
  D:0098H         PUBLIC        SCON
  D:0088H         PUBLIC        TCON
  C:0708H         PUBLIC        _I2C_SendAck
  C:0587H         PUBLIC        _I2C_SendByte
  C:0003H         PUBLIC        I2C_Stop
  D:00C8H         PUBLIC        T2CON
  C:06FCH         PUBLIC        I2C_ReceiveAck
  B:00A0H.0       PUBLIC        I2C_SDA
  D:00D0H         PUBLIC        PSW
  C:05F7H         PUBLIC        I2C_ReceiveByte
  -------         PROC          I2C_START
  C:0726H         LINE#         9
BL51 BANKED LINKER/LOCATER V6.22                                                      03/03/2026  15:58:55  PAGE 6


  C:0726H         LINE#         10
  C:0726H         LINE#         11
  C:0728H         LINE#         12
  C:072AH         LINE#         13
  C:072CH         LINE#         14
  C:072EH         LINE#         15
  -------         ENDPROC       I2C_START
  -------         PROC          I2C_STOP
  C:0003H         LINE#         18
  C:0003H         LINE#         19
  C:0003H         LINE#         20
  C:0005H         LINE#         21
  C:0007H         LINE#         22
  C:0009H         LINE#         23
  -------         ENDPROC       I2C_STOP
  -------         PROC          _I2C_SENDBYTE
  D:0005H         SYMBOL        Byte
  -------         DO            
  D:0003H         SYMBOL        i
  -------         ENDDO         
  C:0587H         LINE#         26
  C:0589H         LINE#         27
  C:0589H         LINE#         29
  C:058BH         LINE#         30
  C:058BH         LINE#         31
  C:05A7H         LINE#         32
  C:05A9H         LINE#         33
  C:05ABH         LINE#         34
  C:05AFH         LINE#         35
  -------         ENDPROC       _I2C_SENDBYTE
  -------         PROC          I2C_RECEIVEBYTE
  -------         DO            
  D:0006H         SYMBOL        i
  D:0007H         SYMBOL        Byte
  -------         ENDDO         
  C:05F7H         LINE#         38
  C:05F7H         LINE#         39
  C:05F7H         LINE#         40
  C:05F9H         LINE#         41
  C:05FBH         LINE#         42
  C:05FCH         LINE#         43
  C:05FCH         LINE#         44
  C:05FEH         LINE#         45
  C:060EH         LINE#         46
  C:0610H         LINE#         47
  C:0614H         LINE#         48
  C:0614H         LINE#         49
  -------         ENDPROC       I2C_RECEIVEBYTE
  -------         PROC          _I2C_SENDACK
  D:0007H         SYMBOL        AckBit
  C:0708H         LINE#         52
  C:0708H         LINE#         53
  C:0708H         LINE#         54
  C:070DH         LINE#         55
  C:070FH         LINE#         56
  C:0711H         LINE#         57
  -------         ENDPROC       _I2C_SENDACK
BL51 BANKED LINKER/LOCATER V6.22                                                      03/03/2026  15:58:55  PAGE 7


  -------         PROC          I2C_RECEIVEACK
  -------         DO            
  D:0007H         SYMBOL        AckBit
  -------         ENDDO         
  C:06FCH         LINE#         60
  C:06FCH         LINE#         61
  C:06FCH         LINE#         63
  C:06FEH         LINE#         64
  C:0700H         LINE#         65
  C:0705H         LINE#         66
  C:0707H         LINE#         67
  C:0707H         LINE#         68
  -------         ENDPROC       I2C_RECEIVEACK
  -------         ENDMOD        I2C

  -------         MODULE        KEY
  C:0000H         SYMBOL        _ICE_DUMMY_
  D:0090H         PUBLIC        P1
  D:00B0H         PUBLIC        P3
  D:00A8H         PUBLIC        IE
  B:00B0H.0       PUBLIC        P3_0
  B:0090H.3       PUBLIC        P1_3
  B:00B0H.1       PUBLIC        P3_1
  B:00B0H.2       PUBLIC        P3_2
  B:00B0H.3       PUBLIC        P3_3
  B:0090H.7       PUBLIC        P1_7
  D:00B8H         PUBLIC        IP
  C:030DH         PUBLIC        Key
  D:0098H         PUBLIC        SCON
  D:0088H         PUBLIC        TCON
  D:00C8H         PUBLIC        T2CON
  D:00D0H         PUBLIC        PSW
  -------         PROC          KEY
  -------         DO            
  D:0044H         SYMBOL        KeyNumber
  -------         ENDDO         
  C:030DH         LINE#         10
  C:030DH         LINE#         11
  C:030DH         LINE#         12
  C:0310H         LINE#         14
  C:0326H         LINE#         15
  C:033DH         LINE#         16
  C:0354H         LINE#         17
  C:036BH         LINE#         18
  C:036DH         LINE#         19
  C:0384H         LINE#         21
  C:0386H         LINE#         22
  -------         ENDPROC       KEY
  -------         ENDMOD        KEY

  -------         MODULE        LCD1602
  C:0000H         SYMBOL        _ICE_DUMMY_
  D:0080H         PUBLIC        P0
  D:0090H         PUBLIC        P1
  D:00A0H         PUBLIC        P2
  D:00B0H         PUBLIC        P3
  C:0712H         PUBLIC        _LCD_WriteCommand
BL51 BANKED LINKER/LOCATER V6.22                                                      03/03/2026  15:58:55  PAGE 8


  C:0633H         PUBLIC        _LCD_ShowNum
  D:00A8H         PUBLIC        IE
  D:00B8H         PUBLIC        IP
  C:04BBH         PUBLIC        _LCD_ShowBinNum
  C:06F3H         PUBLIC        LCD_Delay
  C:0482H         PUBLIC        _LCD_ShowHexNum
  D:0098H         PUBLIC        SCON
  D:0088H         PUBLIC        TCON
  C:0629H         PUBLIC        _LCD_WriteData
  B:00A0H.7       PUBLIC        LCD_EN
  C:06C7H         PUBLIC        LCD_Init
  C:05D4H         PUBLIC        _LCD_ShowString
  C:071CH         PUBLIC        _LCD_ShowChar
  B:00A0H.6       PUBLIC        LCD_RS
  B:00A0H.5       PUBLIC        LCD_RW
  C:069CH         PUBLIC        _LCD_SetCursor
  D:00C8H         PUBLIC        T2CON
  C:0448H         PUBLIC        _LCD_ShowSignedNum
  C:04FFH         PUBLIC        _LCD_Pow
  D:00D0H         PUBLIC        PSW
  -------         PROC          L?0048
  -------         ENDPROC       L?0048
  -------         PROC          LCD_DELAY
  -------         DO            
  D:0007H         SYMBOL        i
  D:0006H         SYMBOL        j
  -------         ENDDO         
  C:06F3H         LINE#         15
  C:06F3H         LINE#         16
  C:06F3H         LINE#         19
  C:06F5H         LINE#         20
  C:06F7H         LINE#         22
  C:06F7H         LINE#         23
  C:06F9H         LINE#         24
  C:06FBH         LINE#         25
  -------         ENDPROC       LCD_DELAY
  -------         PROC          _LCD_WRITECOMMAND
  D:0007H         SYMBOL        Command
  C:0712H         LINE#         32
  C:0712H         LINE#         33
  C:0712H         LINE#         34
  C:0714H         LINE#         35
  C:0714H         LINE#         36
  C:0714H         LINE#         37
  C:0714H         LINE#         38
  C:0717H         LINE#         39
  C:0719H         LINE#         40
  -------         ENDPROC       _LCD_WRITECOMMAND
  -------         PROC          L?0047
  -------         ENDPROC       L?0047
  -------         PROC          _LCD_WRITEDATA
  D:0007H         SYMBOL        Data
  C:0629H         LINE#         48
  C:0629H         LINE#         49
  C:0629H         LINE#         50
  C:062BH         LINE#         51
  C:062BH         LINE#         52
BL51 BANKED LINKER/LOCATER V6.22                                                      03/03/2026  15:58:55  PAGE 9


  C:062BH         LINE#         53
  C:062BH         LINE#         54
  C:062EH         LINE#         55
  C:0630H         LINE#         56
  -------         ENDPROC       _LCD_WRITEDATA
  -------         PROC          _LCD_SETCURSOR
  D:0006H         SYMBOL        Line
  D:0005H         SYMBOL        Column
  C:069CH         LINE#         65
  C:069EH         LINE#         66
  C:069EH         LINE#         67
  C:06A1H         LINE#         68
  C:06A1H         LINE#         69
  C:06A3H         LINE#         70
  C:06A5H         LINE#         71
  C:06A8H         LINE#         72
  C:06A8H         LINE#         73
  C:06B1H         LINE#         74
  C:06B1H         LINE#         75
  -------         ENDPROC       _LCD_SETCURSOR
  -------         PROC          LCD_INIT
  C:06C7H         LINE#         82
  C:06C7H         LINE#         83
  C:06C7H         LINE#         84
  C:06CCH         LINE#         85
  C:06D1H         LINE#         86
  C:06D6H         LINE#         87
  -------         ENDPROC       LCD_INIT
  -------         PROC          _LCD_SHOWCHAR
  D:0006H         SYMBOL        Line
  D:0005H         SYMBOL        Column
  D:0004H         SYMBOL        Char
  C:071CH         LINE#         97
  C:071EH         LINE#         98
  C:071EH         LINE#         99
  C:0721H         LINE#         100
  -------         ENDPROC       _LCD_SHOWCHAR
  -------         PROC          _LCD_SHOWSTRING
  D:0007H         SYMBOL        Line
  D:0005H         SYMBOL        Column
  D:0044H         SYMBOL        String
  -------         DO            
  D:0005H         SYMBOL        i
  -------         ENDDO         
  C:05D4H         LINE#         110
  C:05DAH         LINE#         111
  C:05DAH         LINE#         113
  C:05DDH         LINE#         114
  C:05F0H         LINE#         115
  C:05F0H         LINE#         116
  C:05F3H         LINE#         117
  C:05F6H         LINE#         118
  -------         ENDPROC       _LCD_SHOWSTRING
  C:04F5H         SYMBOL        L?0046
  -------         PROC          L?0045
  -------         ENDPROC       L?0045
  C:04F5H         SYMBOL        L?0046
BL51 BANKED LINKER/LOCATER V6.22                                                      03/03/2026  15:58:55  PAGE 10


  -------         PROC          _LCD_POW
  D:0040H         SYMBOL        X
  D:0042H         SYMBOL        Y
  -------         DO            
  D:0003H         SYMBOL        i
  D:0006H         SYMBOL        Result
  -------         ENDDO         
  C:04FFH         LINE#         123
  C:0507H         LINE#         124
  C:0507H         LINE#         126
  C:050BH         LINE#         127
  C:051BH         LINE#         128
  C:051BH         LINE#         129
  C:0522H         LINE#         130
  C:0525H         LINE#         131
  C:0525H         LINE#         132
  -------         ENDPROC       _LCD_POW
  -------         PROC          _LCD_SHOWNUM
  D:0007H         SYMBOL        Line
  D:0005H         SYMBOL        Column
  D:0033H         SYMBOL        Number
  D:0035H         SYMBOL        Length
  -------         DO            
  D:0002H         SYMBOL        i
  -------         ENDDO         
  C:0633H         LINE#         142
  C:0637H         LINE#         143
  C:0637H         LINE#         145
  C:063AH         LINE#         146
  C:0642H         LINE#         147
  C:0642H         LINE#         148
  C:064CH         LINE#         149
  C:064FH         LINE#         150
  -------         ENDPROC       _LCD_SHOWNUM
  -------         PROC          _LCD_SHOWSIGNEDNUM
  D:0007H         SYMBOL        Line
  D:0005H         SYMBOL        Column
  D:0002H         SYMBOL        Number
  D:002EH         SYMBOL        Length
  -------         DO            
  D:0002H         SYMBOL        i
  D:002FH         SYMBOL        Number1
  -------         ENDDO         
  C:0448H         LINE#         160
  C:0448H         LINE#         161
  C:0448H         LINE#         164
  C:044BH         LINE#         165
  C:0453H         LINE#         166
  C:0453H         LINE#         167
  C:0458H         LINE#         168
  C:045CH         LINE#         169
  C:045EH         LINE#         171
  C:045EH         LINE#         172
  C:0463H         LINE#         173
  C:046CH         LINE#         174
  C:046CH         LINE#         175
  C:0474H         LINE#         176
BL51 BANKED LINKER/LOCATER V6.22                                                      03/03/2026  15:58:55  PAGE 11


  C:0474H         LINE#         177
  C:047EH         LINE#         178
  C:0481H         LINE#         179
  -------         ENDPROC       _LCD_SHOWSIGNEDNUM
  -------         PROC          _LCD_SHOWHEXNUM
  D:0007H         SYMBOL        Line
  D:0005H         SYMBOL        Column
  D:0038H         SYMBOL        Number
  D:003AH         SYMBOL        Length
  -------         DO            
  D:0002H         SYMBOL        i
  D:0006H         SYMBOL        SingleNumber
  -------         ENDDO         
  C:0482H         LINE#         189
  C:0486H         LINE#         190
  C:0486H         LINE#         192
  C:0489H         LINE#         193
  C:0491H         LINE#         194
  C:0491H         LINE#         195
  C:04A7H         LINE#         196
  C:04ADH         LINE#         197
  C:04ADH         LINE#         198
  C:04AFH         LINE#         199
  C:04B1H         LINE#         201
  C:04B1H         LINE#         202
  C:04B7H         LINE#         203
  C:04B7H         LINE#         204
  C:04BAH         LINE#         205
  -------         ENDPROC       _LCD_SHOWHEXNUM
  -------         PROC          _LCD_SHOWBINNUM
  D:0007H         SYMBOL        Line
  D:0005H         SYMBOL        Column
  D:003DH         SYMBOL        Number
  D:003FH         SYMBOL        Length
  -------         DO            
  D:0002H         SYMBOL        i
  -------         ENDDO         
  C:04BBH         LINE#         215
  C:04BFH         LINE#         216
  C:04BFH         LINE#         218
  C:04C2H         LINE#         219
  C:04CAH         LINE#         220
  C:04CAH         LINE#         221
  C:04EFH         LINE#         222
  C:04F2H         LINE#         223
  -------         ENDPROC       _LCD_SHOWBINNUM
  -------         ENDMOD        LCD1602

  -------         MODULE        MAIN
  C:0000H         SYMBOL        _ICE_DUMMY_
  C:03EDH         PUBLIC        Timer0_Routine
  D:0090H         PUBLIC        P1
  D:00B0H         PUBLIC        P3
  D:00A8H         PUBLIC        IE
  C:0526H         PUBLIC        Sec_Loop
  D:00B8H         PUBLIC        IP
  D:0020H         PUBLIC        Sec
BL51 BANKED LINKER/LOCATER V6.22                                                      03/03/2026  15:58:55  PAGE 12


  D:0021H         PUBLIC        Min
  C:000EH         PUBLIC        main
  D:0022H         PUBLIC        RunFlag
  D:0098H         PUBLIC        SCON
  D:0088H         PUBLIC        TCON
  D:0023H         PUBLIC        Sum
  D:008CH         PUBLIC        TH0
  D:008AH         PUBLIC        TL0
  D:0027H         PUBLIC        KeyNum
  D:00C8H         PUBLIC        T2CON
  D:0028H         PUBLIC        MSec
  D:00D0H         PUBLIC        PSW
  -------         PROC          MAIN
  C:000EH         LINE#         13
  C:000EH         LINE#         14
  C:000EH         LINE#         15
  C:0011H         LINE#         16
  C:001EH         LINE#         17
  C:0021H         LINE#         18
  C:0021H         LINE#         19
  C:0021H         LINE#         20
  C:0026H         LINE#         21
  C:002BH         LINE#         22
  C:002BH         LINE#         23
  C:0037H         LINE#         24
  C:0037H         LINE#         25
  C:003CH         LINE#         26
  C:003CH         LINE#         27
  C:003FH         LINE#         28
  C:0041H         LINE#         29
  C:0045H         LINE#         31
  C:0045H         LINE#         32
  C:004AH         LINE#         33
  C:004AH         LINE#         34
  C:0051H         LINE#         35
  C:0058H         LINE#         36
  C:0062H         LINE#         37
  C:0062H         LINE#         38
  C:0068H         LINE#         39
  C:0068H         LINE#         40
  C:0072H         LINE#         41
  C:0079H         LINE#         42
  C:0083H         LINE#         43
  C:008AH         LINE#         44
  C:0093H         LINE#         45
  C:009AH         LINE#         46
  C:009AH         LINE#         47
  C:00A3H         LINE#         48
  C:00A3H         LINE#         49
  C:00DAH         LINE#         50
  C:00EEH         LINE#         51
  C:00EEH         LINE#         52
  C:00F7H         LINE#         53
  C:00F7H         LINE#         54
  C:011AH         LINE#         55
  C:011AH         LINE#         56
  C:0123H         LINE#         57
BL51 BANKED LINKER/LOCATER V6.22                                                      03/03/2026  15:58:55  PAGE 13


  C:0123H         LINE#         58
  C:0146H         LINE#         59
  C:0146H         LINE#         60
  C:014FH         LINE#         61
  C:0151H         LINE#         63
  C:0151H         LINE#         64
  C:015EH         LINE#         65
  C:015EH         LINE#         67
  C:015EH         LINE#         69
  C:016EH         LINE#         70
  C:0177H         LINE#         71
  C:0185H         LINE#         72
  C:0195H         LINE#         73
  C:019EH         LINE#         74
  C:01B2H         LINE#         75
  C:01C9H         LINE#         76
  C:01D9H         LINE#         78
  -------         ENDPROC       MAIN
  -------         PROC          SEC_LOOP
  C:0526H         LINE#         82
  C:0526H         LINE#         83
  C:0526H         LINE#         84
  C:052AH         LINE#         85
  C:052AH         LINE#         86
  C:0532H         LINE#         87
  C:053BH         LINE#         88
  C:053BH         LINE#         89
  C:0540H         LINE#         90
  C:0542H         LINE#         91
  C:0548H         LINE#         92
  C:0548H         LINE#         93
  C:054BH         LINE#         94
  C:054DH         LINE#         95
  C:0553H         LINE#         96
  C:0553H         LINE#         97
  C:0556H         LINE#         98
  C:0556H         LINE#         99
  C:0556H         LINE#         100
  C:0556H         LINE#         101
  C:0556H         LINE#         102
  -------         ENDPROC       SEC_LOOP
  -------         PROC          TIMER0_ROUTINE
  -------         DO            
  D:001EH         SYMBOL        T0Count2
  -------         ENDDO         
  C:03EDH         LINE#         105
  C:040AH         LINE#         108
  C:040DH         LINE#         109
  C:0410H         LINE#         111
  C:0418H         LINE#         112
  C:0421H         LINE#         113
  C:0421H         LINE#         114
  C:0427H         LINE#         115
  C:042AH         LINE#         116
  C:042AH         LINE#         119
  C:042DH         LINE#         122
  -------         ENDPROC       TIMER0_ROUTINE
BL51 BANKED LINKER/LOCATER V6.22                                                      03/03/2026  15:58:55  PAGE 14


  -------         ENDMOD        MAIN

  -------         MODULE        TIMER0
  C:0000H         SYMBOL        _ICE_DUMMY_
  D:0090H         PUBLIC        P1
  D:00B0H         PUBLIC        P3
  B:00A8H.7       PUBLIC        EA
  D:00A8H         PUBLIC        IE
  D:00B8H         PUBLIC        IP
  C:0685H         PUBLIC        Timer0_Init
  D:0098H         PUBLIC        SCON
  D:0089H         PUBLIC        TMOD
  D:0088H         PUBLIC        TCON
  B:00A8H.1       PUBLIC        ET0
  B:0088H.5       PUBLIC        TF0
  D:008CH         PUBLIC        TH0
  D:008AH         PUBLIC        TL0
  B:00B8H.1       PUBLIC        PT0
  B:0088H.4       PUBLIC        TR0
  D:00C8H         PUBLIC        T2CON
  D:00D0H         PUBLIC        PSW
  -------         PROC          TIMER0_INIT
  C:0685H         LINE#         3
  C:0685H         LINE#         4
  C:0685H         LINE#         5
  C:0688H         LINE#         6
  C:068BH         LINE#         7
  C:068EH         LINE#         8
  C:0691H         LINE#         9
  C:0693H         LINE#         10
  C:0695H         LINE#         11
  C:0697H         LINE#         12
  C:0699H         LINE#         13
  C:069BH         LINE#         14
  -------         ENDPROC       TIMER0_INIT
  -------         ENDMOD        TIMER0

  -------         MODULE        NIXIE
  C:0000H         SYMBOL        _ICE_DUMMY_
  D:0009H         PUBLIC        Nixie_Buf
  D:0080H         PUBLIC        P0
  D:0090H         PUBLIC        P1
  D:00A0H         PUBLIC        P2
  D:00B0H         PUBLIC        P3
  D:00A8H         PUBLIC        IE
  B:00A0H.2       PUBLIC        P2_2
  B:00A0H.3       PUBLIC        P2_3
  B:00A0H.4       PUBLIC        P2_4
  D:00B8H         PUBLIC        IP
  C:072FH         PUBLIC        _Nixie_SetBuf
  D:0098H         PUBLIC        SCON
  D:0088H         PUBLIC        TCON
  C:0650H         PUBLIC        Nixie_Scan_Loop
  C:0387H         PUBLIC        _Nixie_Scan
  D:00C8H         PUBLIC        T2CON
  D:0012H         PUBLIC        NixieTable
  D:00D0H         PUBLIC        PSW
BL51 BANKED LINKER/LOCATER V6.22                                                      03/03/2026  15:58:55  PAGE 15


  -------         PROC          _NIXIE_SETBUF
  D:0007H         SYMBOL        Location
  D:0004H         SYMBOL        Number
  C:072FH         LINE#         12
  C:072FH         LINE#         13
  C:072FH         LINE#         14
  C:0737H         LINE#         15
  -------         ENDPROC       _NIXIE_SETBUF
  -------         PROC          _NIXIE_SCAN
  D:0007H         SYMBOL        Location
  D:0004H         SYMBOL        Number
  C:0387H         LINE#         17
  C:0387H         LINE#         18
  C:0387H         LINE#         19
  C:038AH         LINE#         20
  C:03B7H         LINE#         21
  C:03B7H         LINE#         22
  C:03BBH         LINE#         23
  C:03BFH         LINE#         24
  C:03C3H         LINE#         25
  C:03C7H         LINE#         26
  C:03CFH         LINE#         27
  C:03D7H         LINE#         28
  C:03DFH         LINE#         29
  C:03E5H         LINE#         30
  C:03E5H         LINE#         31
  C:03ECH         LINE#         32
  -------         ENDPROC       _NIXIE_SCAN
  -------         PROC          NIXIE_SCAN_LOOP
  -------         DO            
  D:0008H         SYMBOL        i
  -------         ENDDO         
  C:0650H         LINE#         34
  C:0650H         LINE#         35
  C:0650H         LINE#         37
  C:065EH         LINE#         38
  C:0660H         LINE#         39
  C:066AH         LINE#         40
  -------         ENDPROC       NIXIE_SCAN_LOOP
  -------         ENDMOD        NIXIE

  -------         MODULE        ?C?CLDOPTR
  C:01DCH         PUBLIC        ?C?CLDOPTR
  -------         ENDMOD        ?C?CLDOPTR

  -------         MODULE        ?C?IMUL
  C:0209H         PUBLIC        ?C?IMUL
  -------         ENDMOD        ?C?IMUL

  -------         MODULE        ?C?UIDIV
  C:021BH         PUBLIC        ?C?UIDIV
  -------         ENDMOD        ?C?UIDIV

  -------         MODULE        ?C?ULCMP
  C:0270H         PUBLIC        ?C?ULCMP
  -------         ENDMOD        ?C?ULCMP

BL51 BANKED LINKER/LOCATER V6.22                                                      03/03/2026  15:58:55  PAGE 16


*** WARNING L16: UNCALLED SEGMENT, IGNORED FOR OVERLAY PROCESS
    SEGMENT: ?PR?_LCD_SHOWNUM?LCD1602

*** WARNING L16: UNCALLED SEGMENT, IGNORED FOR OVERLAY PROCESS
    SEGMENT: ?PR?_LCD_SHOWSIGNEDNUM?LCD1602

*** WARNING L16: UNCALLED SEGMENT, IGNORED FOR OVERLAY PROCESS
    SEGMENT: ?PR?_LCD_SHOWHEXNUM?LCD1602

*** WARNING L16: UNCALLED SEGMENT, IGNORED FOR OVERLAY PROCESS
    SEGMENT: ?PR?_LCD_SHOWBINNUM?LCD1602

Program Size: data=72.0 xdata=0 code=1847
LINK/LOCATE RUN COMPLETE.  4 WARNING(S),  0 ERROR(S)
