BL51 BANKED LINKER/LOCATER V6.22                                                        03/03/2026  16:15:40  PAGE 1


BL51 BANKED LINKER/LOCATER V6.22, INVOKED BY:
D:\KEIL\C51\BIN\BL51.EXE .\Objects\STARTUP.obj, .\Objects\AT24C02.obj, .\Objects\Delay.obj, .\Objects\I2C.obj, .\Objects
>> \Key.obj, .\Objects\LCD1602.obj, .\Objects\main.obj, .\Objects\Timer0.obj, .\Objects\Nixie.obj TO .\Objects\test02 PR
>> INT (.\Listings\test02.m51) RAMSIZE (256)


MEMORY MODEL: SMALL


INPUT MODULES INCLUDED:
  .\Objects\STARTUP.obj (?C_STARTUP)
  .\Objects\AT24C02.obj (AT24C02)
  .\Objects\Delay.obj (DELAY)
  .\Objects\I2C.obj (I2C)
  .\Objects\Key.obj (KEY)
  .\Objects\LCD1602.obj (LCD1602)
  .\Objects\main.obj (MAIN)
  .\Objects\Timer0.obj (TIMER0)
  .\Objects\Nixie.obj (NIXIE)
  D:\KEIL\C51\LIB\C51S.LIB (?C_INIT)
  D:\KEIL\C51\LIB\C51S.LIB (?C?CLDOPTR)
  D:\KEIL\C51\LIB\C51S.LIB (?C?IMUL)
  D:\KEIL\C51\LIB\C51S.LIB (?C?UIDIV)
  D:\KEIL\C51\LIB\C51S.LIB (?C?ULCMP)


LINK MAP OF MODULE:  .\Objects\test02 (?C_STARTUP)


            TYPE    BASE      LENGTH    RELOCATION   SEGMENT NAME
            -----------------------------------------------------

            * * * * * * *   D A T A   M E M O R Y   * * * * * * *
            REG     0000H     0008H     ABSOLUTE     "REG BANK 0"
            DATA    0008H     0016H     UNIT         ?DT?NIXIE
            DATA    001EH     000CH     UNIT         ?DT?MAIN
            DATA    002AH     0007H     UNIT         ?DT?_LCD_SHOWSIGNEDNUM?LCD1602
            DATA    0031H     0005H     UNIT         ?DT?_LCD_SHOWNUM?LCD1602
            DATA    0036H     0005H     UNIT         ?DT?_LCD_SHOWHEXNUM?LCD1602
            DATA    003BH     0005H     UNIT         ?DT?_LCD_SHOWBINNUM?LCD1602
            DATA    0040H     0004H     UNIT         ?DT?_LCD_POW?LCD1602
            DATA    0044H     0003H     UNIT         _DATA_GROUP_
            IDATA   0047H     0001H     UNIT         ?STACK

            * * * * * * *   C O D E   M E M O R Y   * * * * * * *
            CODE    0000H     0003H     ABSOLUTE     
            CODE    0003H     0007H     UNIT         ?PR?I2C_STOP?I2C
                    000AH     0001H                  *** GAP ***
            CODE    000BH     0003H     ABSOLUTE     
            CODE    000EH     01BAH     UNIT         ?PR?MAIN?MAIN
            CODE    01C8H     00A5H     UNIT         ?C?LIB_CODE
            CODE    026DH     008CH     UNIT         ?C_C51STARTUP
            CODE    02F9H     007AH     UNIT         ?PR?KEY?KEY
            CODE    0373H     0066H     UNIT         ?PR?_NIXIE_SCAN?NIXIE
            CODE    03D9H     005BH     UNIT         ?PR?TIMER0_ROUTINE?MAIN
            CODE    0434H     003AH     UNIT         ?PR?_LCD_SHOWSIGNEDNUM?LCD1602
            CODE    046EH     0039H     UNIT         ?PR?_LCD_SHOWHEXNUM?LCD1602
            CODE    04A7H     0038H     UNIT         ?PR?_LCD_SHOWBINNUM?LCD1602
BL51 BANKED LINKER/LOCATER V6.22                                                      03/03/2026  16:15:40  PAGE 2


            CODE    04DFH     0033H     UNIT         ?PR?_LCD_POW?LCD1602
            CODE    0512H     0031H     UNIT         ?PR?SEC_LOOP?MAIN
            CODE    0543H     0030H     UNIT         ?PR?_AT24C02_READBYTE?AT24C02
            CODE    0573H     0029H     UNIT         ?PR?_I2C_SENDBYTE?I2C
            CODE    059CH     0024H     UNIT         ?PR?_AT24C02_WRITEBYTE?AT24C02
            CODE    05C0H     0023H     UNIT         ?PR?_LCD_SHOWSTRING?LCD1602
            CODE    05E3H     001EH     UNIT         ?PR?I2C_RECEIVEBYTE?I2C
            CODE    0601H     001EH     UNIT         ?PR?_LCD_WRITEDATA?LCD1602
            CODE    061FH     001DH     UNIT         ?PR?_LCD_SHOWNUM?LCD1602
            CODE    063CH     001BH     UNIT         ?PR?NIXIE_SCAN_LOOP?NIXIE
            CODE    0657H     001AH     UNIT         ?C_INITSEG
            CODE    0671H     0017H     UNIT         ?PR?TIMER0_INIT?TIMER0
            CODE    0688H     0016H     UNIT         ?PR?_LCD_SETCURSOR?LCD1602
            CODE    069EH     0015H     UNIT         ?PR?_DELAY?DELAY
            CODE    06B3H     0014H     UNIT         ?PR?LCD_INIT?LCD1602
            CODE    06C7H     000FH     UNIT         ?PR?LCD_DELAY?LCD1602
            CODE    06D6H     000DH     UNIT         ?CO?MAIN
            CODE    06E3H     000CH     UNIT         ?PR?I2C_RECEIVEACK?I2C
            CODE    06EFH     000AH     UNIT         ?PR?_I2C_SENDACK?I2C
            CODE    06F9H     000AH     UNIT         ?PR?_LCD_WRITECOMMAND?LCD1602
            CODE    0703H     000AH     UNIT         ?PR?_LCD_SHOWCHAR?LCD1602
            CODE    070DH     0009H     UNIT         ?PR?I2C_START?I2C
            CODE    0716H     0009H     UNIT         ?PR?_NIXIE_SETBUF?NIXIE



OVERLAY MAP OF MODULE:   .\Objects\test02 (?C_STARTUP)


SEGMENT                                  DATA_GROUP 
  +--> CALLED SEGMENT                  START    LENGTH
------------------------------------------------------
?C_C51STARTUP                          -----    -----
  +--> ?PR?MAIN?MAIN
  +--> ?C_INITSEG

?PR?MAIN?MAIN                          -----    -----
  +--> ?PR?LCD_INIT?LCD1602
  +--> ?CO?MAIN
  +--> ?PR?_LCD_SHOWSTRING?LCD1602
  +--> ?PR?TIMER0_INIT?TIMER0
  +--> ?PR?KEY?KEY
  +--> ?PR?_AT24C02_READBYTE?AT24C02
  +--> ?PR?_AT24C02_WRITEBYTE?AT24C02
  +--> ?PR?_DELAY?DELAY
  +--> ?PR?_NIXIE_SETBUF?NIXIE

?PR?LCD_INIT?LCD1602                   -----    -----
  +--> ?PR?_LCD_WRITECOMMAND?LCD1602

?PR?_LCD_WRITECOMMAND?LCD1602          -----    -----
  +--> ?PR?LCD_DELAY?LCD1602

?PR?_LCD_SHOWSTRING?LCD1602            0044H    0003H
  +--> ?PR?_LCD_SETCURSOR?LCD1602
  +--> ?PR?_LCD_WRITEDATA?LCD1602

BL51 BANKED LINKER/LOCATER V6.22                                                      03/03/2026  16:15:40  PAGE 3


?PR?_LCD_SETCURSOR?LCD1602             -----    -----
  +--> ?PR?_LCD_WRITECOMMAND?LCD1602

?PR?_LCD_WRITEDATA?LCD1602             -----    -----
  +--> ?PR?LCD_DELAY?LCD1602

?PR?KEY?KEY                            0044H    0001H
  +--> ?PR?_DELAY?DELAY

?PR?_AT24C02_READBYTE?AT24C02          0044H    0002H
  +--> ?PR?I2C_START?I2C
  +--> ?PR?_I2C_SENDBYTE?I2C
  +--> ?PR?I2C_RECEIVEACK?I2C
  +--> ?PR?I2C_RECEIVEBYTE?I2C
  +--> ?PR?_I2C_SENDACK?I2C
  +--> ?PR?I2C_STOP?I2C

?PR?_AT24C02_WRITEBYTE?AT24C02         0044H    0003H
  +--> ?PR?I2C_START?I2C
  +--> ?PR?_I2C_SENDBYTE?I2C
  +--> ?PR?I2C_RECEIVEACK?I2C
  +--> ?PR?I2C_STOP?I2C

*** NEW ROOT ***************************************************

?PR?TIMER0_ROUTINE?MAIN                -----    -----
  +--> ?PR?NIXIE_SCAN_LOOP?NIXIE
  +--> ?PR?SEC_LOOP?MAIN

?PR?NIXIE_SCAN_LOOP?NIXIE              -----    -----
  +--> ?PR?_NIXIE_SCAN?NIXIE



SYMBOL TABLE OF MODULE:  .\Objects\test02 (?C_STARTUP)

  VALUE           TYPE          NAME
  ----------------------------------

  -------         MODULE        ?C_STARTUP
  C:026DH         SEGMENT       ?C_C51STARTUP
  I:0047H         SEGMENT       ?STACK
  C:0000H         PUBLIC        ?C_STARTUP
  D:00E0H         SYMBOL        ACC
  D:00F0H         SYMBOL        B
  D:0083H         SYMBOL        DPH
  D:0082H         SYMBOL        DPL
  N:0000H         SYMBOL        IBPSTACK
  N:0100H         SYMBOL        IBPSTACKTOP
  N:0080H         SYMBOL        IDATALEN
  C:0270H         SYMBOL        IDATALOOP
  N:0000H         SYMBOL        PBPSTACK
  N:0100H         SYMBOL        PBPSTACKTOP
  N:0000H         SYMBOL        PDATALEN
  N:0000H         SYMBOL        PDATASTART
  N:0000H         SYMBOL        PPAGE
  N:0000H         SYMBOL        PPAGEENABLE
BL51 BANKED LINKER/LOCATER V6.22                                                      03/03/2026  16:15:40  PAGE 4


  D:00A0H         SYMBOL        PPAGE_SFR
  D:0081H         SYMBOL        SP
  C:026DH         SYMBOL        STARTUP1
  N:0000H         SYMBOL        XBPSTACK
  N:0000H         SYMBOL        XBPSTACKTOP
  N:0000H         SYMBOL        XDATALEN
  N:0000H         SYMBOL        XDATASTART
  C:0000H         LINE#         126
  C:026DH         LINE#         133
  C:026FH         LINE#         134
  C:0270H         LINE#         135
  C:0271H         LINE#         136
  C:0273H         LINE#         185
  C:0276H         LINE#         196
  -------         ENDMOD        ?C_STARTUP

  -------         MODULE        AT24C02
  C:0000H         SYMBOL        _ICE_DUMMY_
  D:0090H         PUBLIC        P1
  D:00B0H         PUBLIC        P3
  D:00A8H         PUBLIC        IE
  D:00B8H         PUBLIC        IP
  C:059CH         PUBLIC        _AT24C02_WriteByte
  D:0098H         PUBLIC        SCON
  D:0088H         PUBLIC        TCON
  C:0543H         PUBLIC        _At24C02_ReadByte
  D:00C8H         PUBLIC        T2CON
  D:00D0H         PUBLIC        PSW
  -------         PROC          _AT24C02_WRITEBYTE
  D:0044H         SYMBOL        WordAddress
  D:0045H         SYMBOL        Data
  C:059CH         LINE#         7
  C:05A2H         LINE#         8
  C:05A2H         LINE#         9
  C:05A5H         LINE#         10
  C:05AAH         LINE#         11
  C:05ADH         LINE#         12
  C:05B2H         LINE#         13
  C:05B5H         LINE#         14
  C:05BAH         LINE#         15
  C:05BDH         LINE#         16
  -------         ENDPROC       _AT24C02_WRITEBYTE
  -------         PROC          _AT24C02_READBYTE
  D:0044H         SYMBOL        WordAddress
  -------         DO            
  D:0045H         SYMBOL        Data
  -------         ENDDO         
  C:0543H         LINE#         19
  C:0545H         LINE#         20
  C:0545H         LINE#         22
  C:0548H         LINE#         23
  C:054DH         LINE#         24
  C:0550H         LINE#         25
  C:0555H         LINE#         26
  C:0558H         LINE#         27
  C:055BH         LINE#         28
  C:0560H         LINE#         29
BL51 BANKED LINKER/LOCATER V6.22                                                      03/03/2026  16:15:40  PAGE 5


  C:0563H         LINE#         30
  C:0568H         LINE#         31
  C:056DH         LINE#         32
  C:0570H         LINE#         33
  C:0572H         LINE#         34
  -------         ENDPROC       _AT24C02_READBYTE
  -------         ENDMOD        AT24C02

  -------         MODULE        DELAY
  C:0000H         SYMBOL        _ICE_DUMMY_
  C:069EH         PUBLIC        _Delay
  -------         PROC          _DELAY
  D:0006H         SYMBOL        xms
  -------         DO            
  D:0005H         SYMBOL        i
  D:0004H         SYMBOL        j
  -------         ENDDO         
  C:069EH         LINE#         2
  C:069EH         LINE#         3
  C:069EH         LINE#         5
  C:06A8H         LINE#         6
  C:06A8H         LINE#         7
  C:06AAH         LINE#         8
  C:06ACH         LINE#         10
  C:06ACH         LINE#         11
  C:06AEH         LINE#         12
  C:06B0H         LINE#         13
  C:06B2H         LINE#         14
  -------         ENDPROC       _DELAY
  -------         ENDMOD        DELAY

  -------         MODULE        I2C
  C:0000H         SYMBOL        _ICE_DUMMY_
  D:0090H         PUBLIC        P1
  B:00A0H.1       PUBLIC        I2C_SCL
  D:00A0H         PUBLIC        P2
  D:00B0H         PUBLIC        P3
  D:00A8H         PUBLIC        IE
  D:00B8H         PUBLIC        IP
  C:070DH         PUBLIC        I2C_Start
  D:0098H         PUBLIC        SCON
  D:0088H         PUBLIC        TCON
  C:06EFH         PUBLIC        _I2C_SendAck
  C:0573H         PUBLIC        _I2C_SendByte
  C:0003H         PUBLIC        I2C_Stop
  D:00C8H         PUBLIC        T2CON
  C:06E3H         PUBLIC        I2C_ReceiveAck
  B:00A0H.0       PUBLIC        I2C_SDA
  D:00D0H         PUBLIC        PSW
  C:05E3H         PUBLIC        I2C_ReceiveByte
  -------         PROC          I2C_START
  C:070DH         LINE#         9
  C:070DH         LINE#         10
  C:070DH         LINE#         11
  C:070FH         LINE#         12
  C:0711H         LINE#         13
  C:0713H         LINE#         14
BL51 BANKED LINKER/LOCATER V6.22                                                      03/03/2026  16:15:40  PAGE 6


  C:0715H         LINE#         15
  -------         ENDPROC       I2C_START
  -------         PROC          I2C_STOP
  C:0003H         LINE#         18
  C:0003H         LINE#         19
  C:0003H         LINE#         20
  C:0005H         LINE#         21
  C:0007H         LINE#         22
  C:0009H         LINE#         23
  -------         ENDPROC       I2C_STOP
  -------         PROC          _I2C_SENDBYTE
  D:0005H         SYMBOL        Byte
  -------         DO            
  D:0003H         SYMBOL        i
  -------         ENDDO         
  C:0573H         LINE#         26
  C:0575H         LINE#         27
  C:0575H         LINE#         29
  C:0577H         LINE#         30
  C:0577H         LINE#         31
  C:0593H         LINE#         32
  C:0595H         LINE#         33
  C:0597H         LINE#         34
  C:059BH         LINE#         35
  -------         ENDPROC       _I2C_SENDBYTE
  -------         PROC          I2C_RECEIVEBYTE
  -------         DO            
  D:0006H         SYMBOL        i
  D:0007H         SYMBOL        Byte
  -------         ENDDO         
  C:05E3H         LINE#         38
  C:05E3H         LINE#         39
  C:05E3H         LINE#         40
  C:05E5H         LINE#         41
  C:05E7H         LINE#         42
  C:05E8H         LINE#         43
  C:05E8H         LINE#         44
  C:05EAH         LINE#         45
  C:05FAH         LINE#         46
  C:05FCH         LINE#         47
  C:0600H         LINE#         48
  C:0600H         LINE#         49
  -------         ENDPROC       I2C_RECEIVEBYTE
  -------         PROC          _I2C_SENDACK
  D:0007H         SYMBOL        AckBit
  C:06EFH         LINE#         52
  C:06EFH         LINE#         53
  C:06EFH         LINE#         54
  C:06F4H         LINE#         55
  C:06F6H         LINE#         56
  C:06F8H         LINE#         57
  -------         ENDPROC       _I2C_SENDACK
  -------         PROC          I2C_RECEIVEACK
  -------         DO            
  D:0007H         SYMBOL        AckBit
  -------         ENDDO         
  C:06E3H         LINE#         60
BL51 BANKED LINKER/LOCATER V6.22                                                      03/03/2026  16:15:40  PAGE 7


  C:06E3H         LINE#         61
  C:06E3H         LINE#         63
  C:06E5H         LINE#         64
  C:06E7H         LINE#         65
  C:06ECH         LINE#         66
  C:06EEH         LINE#         67
  C:06EEH         LINE#         68
  -------         ENDPROC       I2C_RECEIVEACK
  -------         ENDMOD        I2C

  -------         MODULE        KEY
  C:0000H         SYMBOL        _ICE_DUMMY_
  D:0090H         PUBLIC        P1
  D:00B0H         PUBLIC        P3
  D:00A8H         PUBLIC        IE
  B:00B0H.0       PUBLIC        P3_0
  B:0090H.3       PUBLIC        P1_3
  B:00B0H.1       PUBLIC        P3_1
  B:00B0H.2       PUBLIC        P3_2
  B:00B0H.3       PUBLIC        P3_3
  B:0090H.7       PUBLIC        P1_7
  D:00B8H         PUBLIC        IP
  C:02F9H         PUBLIC        Key
  D:0098H         PUBLIC        SCON
  D:0088H         PUBLIC        TCON
  D:00C8H         PUBLIC        T2CON
  D:00D0H         PUBLIC        PSW
  -------         PROC          KEY
  -------         DO            
  D:0044H         SYMBOL        KeyNumber
  -------         ENDDO         
  C:02F9H         LINE#         10
  C:02F9H         LINE#         11
  C:02F9H         LINE#         12
  C:02FCH         LINE#         14
  C:0312H         LINE#         15
  C:0329H         LINE#         16
  C:0340H         LINE#         17
  C:0357H         LINE#         18
  C:0359H         LINE#         19
  C:0370H         LINE#         21
  C:0372H         LINE#         22
  -------         ENDPROC       KEY
  -------         ENDMOD        KEY

  -------         MODULE        LCD1602
  C:0000H         SYMBOL        _ICE_DUMMY_
  D:0080H         PUBLIC        P0
  D:0090H         PUBLIC        P1
  D:00A0H         PUBLIC        P2
  D:00B0H         PUBLIC        P3
  C:06F9H         PUBLIC        _LCD_WriteCommand
  C:061FH         PUBLIC        _LCD_ShowNum
  D:00A8H         PUBLIC        IE
  D:00B8H         PUBLIC        IP
  C:04A7H         PUBLIC        _LCD_ShowBinNum
  C:06CDH         PUBLIC        LCD_Delay
BL51 BANKED LINKER/LOCATER V6.22                                                      03/03/2026  16:15:40  PAGE 8


  C:046EH         PUBLIC        _LCD_ShowHexNum
  D:0098H         PUBLIC        SCON
  D:0088H         PUBLIC        TCON
  C:0615H         PUBLIC        _LCD_WriteData
  B:00A0H.7       PUBLIC        LCD_EN
  C:06B3H         PUBLIC        LCD_Init
  C:05C0H         PUBLIC        _LCD_ShowString
  C:0703H         PUBLIC        _LCD_ShowChar
  B:00A0H.6       PUBLIC        LCD_RS
  B:00A0H.5       PUBLIC        LCD_RW
  C:0688H         PUBLIC        _LCD_SetCursor
  D:00C8H         PUBLIC        T2CON
  C:0434H         PUBLIC        _LCD_ShowSignedNum
  C:04EBH         PUBLIC        _LCD_Pow
  D:00D0H         PUBLIC        PSW
  -------         PROC          L?0048
  -------         ENDPROC       L?0048
  -------         PROC          LCD_DELAY
  -------         DO            
  D:0007H         SYMBOL        i
  D:0006H         SYMBOL        j
  -------         ENDDO         
  C:06CDH         LINE#         15
  C:06CDH         LINE#         16
  C:06CDH         LINE#         19
  C:06CFH         LINE#         20
  C:06D1H         LINE#         22
  C:06D1H         LINE#         23
  C:06D3H         LINE#         24
  C:06D5H         LINE#         25
  -------         ENDPROC       LCD_DELAY
  -------         PROC          _LCD_WRITECOMMAND
  D:0007H         SYMBOL        Command
  C:06F9H         LINE#         32
  C:06F9H         LINE#         33
  C:06F9H         LINE#         34
  C:06FBH         LINE#         35
  C:06FBH         LINE#         36
  C:06FBH         LINE#         37
  C:06FBH         LINE#         38
  C:06FEH         LINE#         39
  C:0700H         LINE#         40
  -------         ENDPROC       _LCD_WRITECOMMAND
  -------         PROC          L?0047
  -------         ENDPROC       L?0047
  -------         PROC          _LCD_WRITEDATA
  D:0007H         SYMBOL        Data
  C:0615H         LINE#         48
  C:0615H         LINE#         49
  C:0615H         LINE#         50
  C:0617H         LINE#         51
  C:0617H         LINE#         52
  C:0617H         LINE#         53
  C:0617H         LINE#         54
  C:061AH         LINE#         55
  C:061CH         LINE#         56
  -------         ENDPROC       _LCD_WRITEDATA
BL51 BANKED LINKER/LOCATER V6.22                                                      03/03/2026  16:15:40  PAGE 9


  -------         PROC          _LCD_SETCURSOR
  D:0006H         SYMBOL        Line
  D:0005H         SYMBOL        Column
  C:0688H         LINE#         65
  C:068AH         LINE#         66
  C:068AH         LINE#         67
  C:068DH         LINE#         68
  C:068DH         LINE#         69
  C:068FH         LINE#         70
  C:0691H         LINE#         71
  C:0694H         LINE#         72
  C:0694H         LINE#         73
  C:069DH         LINE#         74
  C:069DH         LINE#         75
  -------         ENDPROC       _LCD_SETCURSOR
  -------         PROC          LCD_INIT
  C:06B3H         LINE#         82
  C:06B3H         LINE#         83
  C:06B3H         LINE#         84
  C:06B8H         LINE#         85
  C:06BDH         LINE#         86
  C:06C2H         LINE#         87
  -------         ENDPROC       LCD_INIT
  -------         PROC          _LCD_SHOWCHAR
  D:0006H         SYMBOL        Line
  D:0005H         SYMBOL        Column
  D:0004H         SYMBOL        Char
  C:0703H         LINE#         97
  C:0705H         LINE#         98
  C:0705H         LINE#         99
  C:0708H         LINE#         100
  -------         ENDPROC       _LCD_SHOWCHAR
  -------         PROC          _LCD_SHOWSTRING
  D:0007H         SYMBOL        Line
  D:0005H         SYMBOL        Column
  D:0044H         SYMBOL        String
  -------         DO            
  D:0005H         SYMBOL        i
  -------         ENDDO         
  C:05C0H         LINE#         110
  C:05C6H         LINE#         111
  C:05C6H         LINE#         113
  C:05C9H         LINE#         114
  C:05DCH         LINE#         115
  C:05DCH         LINE#         116
  C:05DFH         LINE#         117
  C:05E2H         LINE#         118
  -------         ENDPROC       _LCD_SHOWSTRING
  C:04E1H         SYMBOL        L?0046
  -------         PROC          L?0045
  -------         ENDPROC       L?0045
  C:04E1H         SYMBOL        L?0046
  -------         PROC          _LCD_POW
  D:0040H         SYMBOL        X
  D:0042H         SYMBOL        Y
  -------         DO            
  D:0003H         SYMBOL        i
BL51 BANKED LINKER/LOCATER V6.22                                                      03/03/2026  16:15:40  PAGE 10


  D:0006H         SYMBOL        Result
  -------         ENDDO         
  C:04EBH         LINE#         123
  C:04F3H         LINE#         124
  C:04F3H         LINE#         126
  C:04F7H         LINE#         127
  C:0507H         LINE#         128
  C:0507H         LINE#         129
  C:050EH         LINE#         130
  C:0511H         LINE#         131
  C:0511H         LINE#         132
  -------         ENDPROC       _LCD_POW
  -------         PROC          _LCD_SHOWNUM
  D:0007H         SYMBOL        Line
  D:0005H         SYMBOL        Column
  D:0033H         SYMBOL        Number
  D:0035H         SYMBOL        Length
  -------         DO            
  D:0002H         SYMBOL        i
  -------         ENDDO         
  C:061FH         LINE#         142
  C:0623H         LINE#         143
  C:0623H         LINE#         145
  C:0626H         LINE#         146
  C:062EH         LINE#         147
  C:062EH         LINE#         148
  C:0638H         LINE#         149
  C:063BH         LINE#         150
  -------         ENDPROC       _LCD_SHOWNUM
  -------         PROC          _LCD_SHOWSIGNEDNUM
  D:0007H         SYMBOL        Line
  D:0005H         SYMBOL        Column
  D:0002H         SYMBOL        Number
  D:002EH         SYMBOL        Length
  -------         DO            
  D:0002H         SYMBOL        i
  D:002FH         SYMBOL        Number1
  -------         ENDDO         
  C:0434H         LINE#         160
  C:0434H         LINE#         161
  C:0434H         LINE#         164
  C:0437H         LINE#         165
  C:043FH         LINE#         166
  C:043FH         LINE#         167
  C:0444H         LINE#         168
  C:0448H         LINE#         169
  C:044AH         LINE#         171
  C:044AH         LINE#         172
  C:044FH         LINE#         173
  C:0458H         LINE#         174
  C:0458H         LINE#         175
  C:0460H         LINE#         176
  C:0460H         LINE#         177
  C:046AH         LINE#         178
  C:046DH         LINE#         179
  -------         ENDPROC       _LCD_SHOWSIGNEDNUM
  -------         PROC          _LCD_SHOWHEXNUM
BL51 BANKED LINKER/LOCATER V6.22                                                      03/03/2026  16:15:40  PAGE 11


  D:0007H         SYMBOL        Line
  D:0005H         SYMBOL        Column
  D:0038H         SYMBOL        Number
  D:003AH         SYMBOL        Length
  -------         DO            
  D:0002H         SYMBOL        i
  D:0006H         SYMBOL        SingleNumber
  -------         ENDDO         
  C:046EH         LINE#         189
  C:0472H         LINE#         190
  C:0472H         LINE#         192
  C:0475H         LINE#         193
  C:047DH         LINE#         194
  C:047DH         LINE#         195
  C:0493H         LINE#         196
  C:0499H         LINE#         197
  C:0499H         LINE#         198
  C:049BH         LINE#         199
  C:049DH         LINE#         201
  C:049DH         LINE#         202
  C:04A3H         LINE#         203
  C:04A3H         LINE#         204
  C:04A6H         LINE#         205
  -------         ENDPROC       _LCD_SHOWHEXNUM
  -------         PROC          _LCD_SHOWBINNUM
  D:0007H         SYMBOL        Line
  D:0005H         SYMBOL        Column
  D:003DH         SYMBOL        Number
  D:003FH         SYMBOL        Length
  -------         DO            
  D:0002H         SYMBOL        i
  -------         ENDDO         
  C:04A7H         LINE#         215
  C:04ABH         LINE#         216
  C:04ABH         LINE#         218
  C:04AEH         LINE#         219
  C:04B6H         LINE#         220
  C:04B6H         LINE#         221
  C:04DBH         LINE#         222
  C:04DEH         LINE#         223
  -------         ENDPROC       _LCD_SHOWBINNUM
  -------         ENDMOD        LCD1602

  -------         MODULE        MAIN
  C:0000H         SYMBOL        _ICE_DUMMY_
  C:03D9H         PUBLIC        Timer0_Routine
  D:0090H         PUBLIC        P1
  D:00A0H         PUBLIC        P2
  D:00B0H         PUBLIC        P3
  D:00A8H         PUBLIC        IE
  B:00A0H.0       PUBLIC        P2_0
  B:00A0H.1       PUBLIC        P2_1
  C:0512H         PUBLIC        Sec_Loop
  D:00B8H         PUBLIC        IP
  D:0020H         PUBLIC        Sec
  D:0021H         PUBLIC        Min
  C:000EH         PUBLIC        main
BL51 BANKED LINKER/LOCATER V6.22                                                      03/03/2026  16:15:40  PAGE 12


  D:0022H         PUBLIC        RunFlag
  D:0098H         PUBLIC        SCON
  D:0088H         PUBLIC        TCON
  D:0023H         PUBLIC        Sum
  D:008CH         PUBLIC        TH0
  D:008AH         PUBLIC        TL0
  D:0027H         PUBLIC        KeyNum
  D:00C8H         PUBLIC        T2CON
  D:0028H         PUBLIC        MSec
  D:00D0H         PUBLIC        PSW
  -------         PROC          MAIN
  C:000EH         LINE#         18
  C:000EH         LINE#         19
  C:000EH         LINE#         20
  C:0011H         LINE#         21
  C:001EH         LINE#         22
  C:0021H         LINE#         23
  C:0021H         LINE#         24
  C:0021H         LINE#         25
  C:0026H         LINE#         26
  C:002BH         LINE#         27
  C:002BH         LINE#         28
  C:0037H         LINE#         29
  C:0037H         LINE#         30
  C:003CH         LINE#         31
  C:003CH         LINE#         32
  C:003FH         LINE#         33
  C:0041H         LINE#         34
  C:0045H         LINE#         36
  C:0045H         LINE#         37
  C:004AH         LINE#         38
  C:004AH         LINE#         39
  C:0051H         LINE#         40
  C:0058H         LINE#         41
  C:0062H         LINE#         42
  C:0062H         LINE#         43
  C:0068H         LINE#         44
  C:0068H         LINE#         45
  C:0072H         LINE#         46
  C:0079H         LINE#         47
  C:0083H         LINE#         48
  C:008AH         LINE#         49
  C:0093H         LINE#         50
  C:009AH         LINE#         51
  C:009AH         LINE#         52
  C:00A3H         LINE#         53
  C:00A3H         LINE#         54
  C:00DAH         LINE#         55
  C:00EEH         LINE#         56
  C:00EEH         LINE#         58
  C:00F0H         LINE#         59
  C:00F2H         LINE#         60
  C:00F4H         LINE#         61
  C:0117H         LINE#         62
  C:0117H         LINE#         64
  C:0119H         LINE#         65
  C:011BH         LINE#         66
BL51 BANKED LINKER/LOCATER V6.22                                                      03/03/2026  16:15:40  PAGE 13


  C:011DH         LINE#         67
  C:0140H         LINE#         68
  C:0140H         LINE#         70
  C:0142H         LINE#         71
  C:0144H         LINE#         72
  C:0146H         LINE#         74
  C:0146H         LINE#         75
  C:0148H         LINE#         76
  C:014AH         LINE#         77
  C:014AH         LINE#         79
  C:014AH         LINE#         81
  C:015AH         LINE#         82
  C:0163H         LINE#         83
  C:0171H         LINE#         84
  C:0181H         LINE#         85
  C:018AH         LINE#         86
  C:019EH         LINE#         87
  C:01B5H         LINE#         88
  C:01C5H         LINE#         90
  -------         ENDPROC       MAIN
  -------         PROC          SEC_LOOP
  C:0512H         LINE#         94
  C:0512H         LINE#         95
  C:0512H         LINE#         96
  C:0516H         LINE#         97
  C:0516H         LINE#         98
  C:051EH         LINE#         99
  C:0527H         LINE#         100
  C:0527H         LINE#         101
  C:052CH         LINE#         102
  C:052EH         LINE#         103
  C:0534H         LINE#         104
  C:0534H         LINE#         105
  C:0537H         LINE#         106
  C:0539H         LINE#         107
  C:053FH         LINE#         108
  C:053FH         LINE#         109
  C:0542H         LINE#         110
  C:0542H         LINE#         111
  C:0542H         LINE#         112
  C:0542H         LINE#         113
  C:0542H         LINE#         114
  -------         ENDPROC       SEC_LOOP
  -------         PROC          TIMER0_ROUTINE
  -------         DO            
  D:001EH         SYMBOL        T0Count2
  -------         ENDDO         
  C:03D9H         LINE#         117
  C:03F6H         LINE#         120
  C:03F9H         LINE#         121
  C:03FCH         LINE#         123
  C:0404H         LINE#         124
  C:040DH         LINE#         125
  C:040DH         LINE#         126
  C:0413H         LINE#         127
  C:0416H         LINE#         128
  C:0416H         LINE#         131
BL51 BANKED LINKER/LOCATER V6.22                                                      03/03/2026  16:15:40  PAGE 14


  C:0419H         LINE#         134
  -------         ENDPROC       TIMER0_ROUTINE
  -------         ENDMOD        MAIN

  -------         MODULE        TIMER0
  C:0000H         SYMBOL        _ICE_DUMMY_
  D:0090H         PUBLIC        P1
  D:00B0H         PUBLIC        P3
  B:00A8H.7       PUBLIC        EA
  D:00A8H         PUBLIC        IE
  D:00B8H         PUBLIC        IP
  C:0671H         PUBLIC        Timer0_Init
  D:0098H         PUBLIC        SCON
  D:0089H         PUBLIC        TMOD
  D:0088H         PUBLIC        TCON
  B:00A8H.1       PUBLIC        ET0
  B:0088H.5       PUBLIC        TF0
  D:008CH         PUBLIC        TH0
  D:008AH         PUBLIC        TL0
  B:00B8H.1       PUBLIC        PT0
  B:0088H.4       PUBLIC        TR0
  D:00C8H         PUBLIC        T2CON
  D:00D0H         PUBLIC        PSW
  -------         PROC          TIMER0_INIT
  C:0671H         LINE#         3
  C:0671H         LINE#         4
  C:0671H         LINE#         5
  C:0674H         LINE#         6
  C:0677H         LINE#         7
  C:067AH         LINE#         8
  C:067DH         LINE#         9
  C:067FH         LINE#         10
  C:0681H         LINE#         11
  C:0683H         LINE#         12
  C:0685H         LINE#         13
  C:0687H         LINE#         14
  -------         ENDPROC       TIMER0_INIT
  -------         ENDMOD        TIMER0

  -------         MODULE        NIXIE
  C:0000H         SYMBOL        _ICE_DUMMY_
  D:0009H         PUBLIC        Nixie_Buf
  D:0080H         PUBLIC        P0
  D:0090H         PUBLIC        P1
  D:00A0H         PUBLIC        P2
  D:00B0H         PUBLIC        P3
  D:00A8H         PUBLIC        IE
  B:00A0H.2       PUBLIC        P2_2
  B:00A0H.3       PUBLIC        P2_3
  B:00A0H.4       PUBLIC        P2_4
  D:00B8H         PUBLIC        IP
  C:0716H         PUBLIC        _Nixie_SetBuf
  D:0098H         PUBLIC        SCON
  D:0088H         PUBLIC        TCON
  C:063CH         PUBLIC        Nixie_Scan_Loop
  C:0373H         PUBLIC        _Nixie_Scan
  D:00C8H         PUBLIC        T2CON
BL51 BANKED LINKER/LOCATER V6.22                                                      03/03/2026  16:15:40  PAGE 15


  D:0012H         PUBLIC        NixieTable
  D:00D0H         PUBLIC        PSW
  -------         PROC          _NIXIE_SETBUF
  D:0007H         SYMBOL        Location
  D:0004H         SYMBOL        Number
  C:0716H         LINE#         12
  C:0716H         LINE#         13
  C:0716H         LINE#         14
  C:071EH         LINE#         15
  -------         ENDPROC       _NIXIE_SETBUF
  -------         PROC          _NIXIE_SCAN
  D:0007H         SYMBOL        Location
  D:0004H         SYMBOL        Number
  C:0373H         LINE#         17
  C:0373H         LINE#         18
  C:0373H         LINE#         19
  C:0376H         LINE#         20
  C:03A3H         LINE#         21
  C:03A3H         LINE#         22
  C:03A7H         LINE#         23
  C:03ABH         LINE#         24
  C:03AFH         LINE#         25
  C:03B3H         LINE#         26
  C:03BBH         LINE#         27
  C:03C3H         LINE#         28
  C:03CBH         LINE#         29
  C:03D1H         LINE#         30
  C:03D1H         LINE#         31
  C:03D8H         LINE#         32
  -------         ENDPROC       _NIXIE_SCAN
  -------         PROC          NIXIE_SCAN_LOOP
  -------         DO            
  D:0008H         SYMBOL        i
  -------         ENDDO         
  C:063CH         LINE#         34
  C:063CH         LINE#         35
  C:063CH         LINE#         37
  C:064AH         LINE#         38
  C:064CH         LINE#         39
  C:0656H         LINE#         40
  -------         ENDPROC       NIXIE_SCAN_LOOP
  -------         ENDMOD        NIXIE

  -------         MODULE        ?C?CLDOPTR
  C:01C8H         PUBLIC        ?C?CLDOPTR
  -------         ENDMOD        ?C?CLDOPTR

  -------         MODULE        ?C?IMUL
  C:01F5H         PUBLIC        ?C?IMUL
  -------         ENDMOD        ?C?IMUL

  -------         MODULE        ?C?UIDIV
  C:0207H         PUBLIC        ?C?UIDIV
  -------         ENDMOD        ?C?UIDIV

  -------         MODULE        ?C?ULCMP
  C:025CH         PUBLIC        ?C?ULCMP
BL51 BANKED LINKER/LOCATER V6.22                                                      03/03/2026  16:15:40  PAGE 16


  -------         ENDMOD        ?C?ULCMP

*** WARNING L16: UNCALLED SEGMENT, IGNORED FOR OVERLAY PROCESS
    SEGMENT: ?PR?_LCD_SHOWCHAR?LCD1602

*** WARNING L16: UNCALLED SEGMENT, IGNORED FOR OVERLAY PROCESS
    SEGMENT: ?PR?_LCD_SHOWNUM?LCD1602

*** WARNING L16: UNCALLED SEGMENT, IGNORED FOR OVERLAY PROCESS
    SEGMENT: ?PR?_LCD_SHOWSIGNEDNUM?LCD1602

*** WARNING L16: UNCALLED SEGMENT, IGNORED FOR OVERLAY PROCESS
    SEGMENT: ?PR?_LCD_SHOWHEXNUM?LCD1602

*** WARNING L16: UNCALLED SEGMENT, IGNORED FOR OVERLAY PROCESS
    SEGMENT: ?PR?_LCD_SHOWBINNUM?LCD1602

Program Size: data=72.0 xdata=0 code=1822
LINK/LOCATE RUN COMPLETE.  5 WARNING(S),  0 ERROR(S)
