BL51 BANKED LINKER/LOCATER V6.22                                                        02/25/2026  10:48:09  PAGE 1


BL51 BANKED LINKER/LOCATER V6.22, INVOKED BY:
D:\KEIL\C51\BIN\BL51.EXE .\Objects\STARTUP.obj, .\Objects\main.obj, .\Objects\AT24C02.obj, .\Objects\I2C.obj, .\Objects\
>> Key.obj, .\Objects\Nixie.obj, .\Objects\Timer0.obj, .\Objects\Delay.obj TO .\Objects\test PRINT (.\Listings\test.m51)
>>  RAMSIZE (256)


MEMORY MODEL: SMALL


INPUT MODULES INCLUDED:
  .\Objects\STARTUP.obj (?C_STARTUP)
  .\Objects\main.obj (MAIN)
  .\Objects\AT24C02.obj (AT24C02)
  .\Objects\I2C.obj (I2C)
  .\Objects\Key.obj (KEY)
  .\Objects\Nixie.obj (NIXIE)
  .\Objects\Timer0.obj (TIMER0)
  .\Objects\Delay.obj (DELAY)
  D:\KEIL\C51\LIB\C51S.LIB (?C_INIT)


LINK MAP OF MODULE:  .\Objects\test (?C_STARTUP)


            TYPE    BASE      LENGTH    RELOCATION   SEGMENT NAME
            -----------------------------------------------------

            * * * * * * *   D A T A   M E M O R Y   * * * * * * *
            REG     0000H     0008H     ABSOLUTE     "REG BANK 0"
            DATA    0008H     0016H     UNIT         ?DT?NIXIE
            DATA    001EH     000BH     UNIT         ?DT?MAIN
            DATA    0029H     0003H     UNIT         ?DT?KEY
            DATA    002CH     0003H     UNIT         _DATA_GROUP_
            IDATA   002FH     0001H     UNIT         ?STACK

            * * * * * * *   C O D E   M E M O R Y   * * * * * * *
            CODE    0000H     0003H     ABSOLUTE     
            CODE    0003H     0007H     UNIT         ?PR?I2C_STOP?I2C
                    000AH     0001H                  *** GAP ***
            CODE    000BH     0003H     ABSOLUTE     
            CODE    000EH     00E7H     UNIT         ?PR?MAIN?MAIN
            CODE    00F5H     008CH     UNIT         ?C_C51STARTUP
            CODE    0181H     008CH     UNIT         ?PR?TIMER0_ROUTINE?MAIN
            CODE    020DH     0066H     UNIT         ?PR?_NIXIE_SCAN?NIXIE
            CODE    0273H     0039H     UNIT         ?PR?KEY_LOOP?KEY
            CODE    02ACH     0030H     UNIT         ?PR?_AT24C02_READBYTE?AT24C02
            CODE    02DCH     0029H     UNIT         ?PR?_I2C_SENDBYTE?I2C
            CODE    0305H     0027H     UNIT         ?PR?SEC_LOOP?MAIN
            CODE    032CH     0024H     UNIT         ?PR?_AT24C02_WRITEBYTE?AT24C02
            CODE    0350H     001EH     UNIT         ?PR?I2C_RECEIVEBYTE?I2C
            CODE    036EH     001DH     UNIT         ?C_INITSEG
            CODE    038BH     001BH     UNIT         ?PR?NIXIE_LOOP?NIXIE
            CODE    03A6H     0017H     UNIT         ?PR?TIMER0_INIT?TIMER0
            CODE    03BDH     0016H     UNIT         ?PR?KEY_GETSTATE?KEY
            CODE    03D3H     0015H     UNIT         ?PR?_DELAY?DELAY
            CODE    03E8H     000CH     UNIT         ?PR?I2C_RECEIVEACK?I2C
            CODE    03F4H     000AH     UNIT         ?PR?_I2C_SENDACK?I2C
            CODE    03FEH     0009H     UNIT         ?PR?I2C_START?I2C
BL51 BANKED LINKER/LOCATER V6.22                                                      02/25/2026  10:48:09  PAGE 2


            CODE    0407H     0009H     UNIT         ?PR?_NIXIE_SETBUF?NIXIE
            CODE    0410H     0006H     UNIT         ?PR?KEY?KEY



OVERLAY MAP OF MODULE:   .\Objects\test (?C_STARTUP)


SEGMENT                                  DATA_GROUP 
  +--> CALLED SEGMENT                  START    LENGTH
------------------------------------------------------
?C_C51STARTUP                          -----    -----
  +--> ?PR?MAIN?MAIN
  +--> ?C_INITSEG

?PR?MAIN?MAIN                          -----    -----
  +--> ?PR?TIMER0_INIT?TIMER0
  +--> ?PR?KEY?KEY
  +--> ?PR?_AT24C02_WRITEBYTE?AT24C02
  +--> ?PR?_DELAY?DELAY
  +--> ?PR?_AT24C02_READBYTE?AT24C02
  +--> ?PR?_NIXIE_SETBUF?NIXIE

?PR?_AT24C02_WRITEBYTE?AT24C02         002CH    0003H
  +--> ?PR?I2C_START?I2C
  +--> ?PR?_I2C_SENDBYTE?I2C
  +--> ?PR?I2C_RECEIVEACK?I2C
  +--> ?PR?I2C_STOP?I2C

?PR?_AT24C02_READBYTE?AT24C02          002CH    0002H
  +--> ?PR?I2C_START?I2C
  +--> ?PR?_I2C_SENDBYTE?I2C
  +--> ?PR?I2C_RECEIVEACK?I2C
  +--> ?PR?I2C_RECEIVEBYTE?I2C
  +--> ?PR?_I2C_SENDACK?I2C
  +--> ?PR?I2C_STOP?I2C

*** NEW ROOT ***************************************************

?PR?TIMER0_ROUTINE?MAIN                -----    -----
  +--> ?PR?KEY_LOOP?KEY
  +--> ?PR?NIXIE_LOOP?NIXIE
  +--> ?PR?SEC_LOOP?MAIN

?PR?KEY_LOOP?KEY                       -----    -----
  +--> ?PR?KEY_GETSTATE?KEY

?PR?NIXIE_LOOP?NIXIE                   -----    -----
  +--> ?PR?_NIXIE_SCAN?NIXIE



SYMBOL TABLE OF MODULE:  .\Objects\test (?C_STARTUP)

  VALUE           TYPE          NAME
  ----------------------------------

BL51 BANKED LINKER/LOCATER V6.22                                                      02/25/2026  10:48:09  PAGE 3


  -------         MODULE        ?C_STARTUP
  C:00F5H         SEGMENT       ?C_C51STARTUP
  I:002FH         SEGMENT       ?STACK
  C:0000H         PUBLIC        ?C_STARTUP
  D:00E0H         SYMBOL        ACC
  D:00F0H         SYMBOL        B
  D:0083H         SYMBOL        DPH
  D:0082H         SYMBOL        DPL
  N:0000H         SYMBOL        IBPSTACK
  N:0100H         SYMBOL        IBPSTACKTOP
  N:0080H         SYMBOL        IDATALEN
  C:00F8H         SYMBOL        IDATALOOP
  N:0000H         SYMBOL        PBPSTACK
  N:0100H         SYMBOL        PBPSTACKTOP
  N:0000H         SYMBOL        PDATALEN
  N:0000H         SYMBOL        PDATASTART
  N:0000H         SYMBOL        PPAGE
  N:0000H         SYMBOL        PPAGEENABLE
  D:00A0H         SYMBOL        PPAGE_SFR
  D:0081H         SYMBOL        SP
  C:00F5H         SYMBOL        STARTUP1
  N:0000H         SYMBOL        XBPSTACK
  N:0000H         SYMBOL        XBPSTACKTOP
  N:0000H         SYMBOL        XDATALEN
  N:0000H         SYMBOL        XDATASTART
  C:0000H         LINE#         126
  C:00F5H         LINE#         133
  C:00F7H         LINE#         134
  C:00F8H         LINE#         135
  C:00F9H         LINE#         136
  C:00FBH         LINE#         185
  C:00FEH         LINE#         196
  -------         ENDMOD        ?C_STARTUP

  -------         MODULE        MAIN
  C:0000H         SYMBOL        _ICE_DUMMY_
  C:0181H         PUBLIC        Timer0_Routine
  D:0090H         PUBLIC        P1
  D:00B0H         PUBLIC        P3
  D:00A8H         PUBLIC        IE
  C:0305H         PUBLIC        Sec_Loop
  D:00B8H         PUBLIC        IP
  D:0024H         PUBLIC        Sec
  D:0025H         PUBLIC        Min
  C:000EH         PUBLIC        main
  D:0026H         PUBLIC        MiniSec
  D:0027H         PUBLIC        RunFlag
  D:0098H         PUBLIC        SCON
  D:0088H         PUBLIC        TCON
  D:008CH         PUBLIC        TH0
  D:008AH         PUBLIC        TL0
  D:0028H         PUBLIC        KeyNum
  D:00C8H         PUBLIC        T2CON
  D:00D0H         PUBLIC        PSW
  -------         PROC          MAIN
  C:000EH         LINE#         12
  C:000EH         LINE#         13
BL51 BANKED LINKER/LOCATER V6.22                                                      02/25/2026  10:48:09  PAGE 4


  C:000EH         LINE#         14
  C:0011H         LINE#         15
  C:0011H         LINE#         16
  C:0011H         LINE#         17
  C:0016H         LINE#         18
  C:001BH         LINE#         19
  C:001BH         LINE#         20
  C:0027H         LINE#         21
  C:0027H         LINE#         22
  C:002CH         LINE#         23
  C:002CH         LINE#         24
  C:002FH         LINE#         25
  C:0031H         LINE#         26
  C:0033H         LINE#         27
  C:0033H         LINE#         28
  C:0039H         LINE#         29
  C:0039H         LINE#         30
  C:0043H         LINE#         31
  C:004AH         LINE#         32
  C:0054H         LINE#         33
  C:005BH         LINE#         34
  C:0065H         LINE#         35
  C:006CH         LINE#         36
  C:006CH         LINE#         37
  C:0071H         LINE#         38
  C:0071H         LINE#         39
  C:0078H         LINE#         40
  C:007FH         LINE#         41
  C:0086H         LINE#         42
  C:0086H         LINE#         43
  C:0094H         LINE#         44
  C:00A4H         LINE#         45
  C:00ADH         LINE#         46
  C:00BBH         LINE#         47
  C:00CBH         LINE#         48
  C:00D4H         LINE#         49
  C:00E2H         LINE#         50
  C:00F2H         LINE#         53
  -------         ENDPROC       MAIN
  -------         PROC          SEC_LOOP
  C:0305H         LINE#         56
  C:0305H         LINE#         57
  C:0305H         LINE#         58
  C:0309H         LINE#         59
  C:0309H         LINE#         60
  C:030BH         LINE#         61
  C:0312H         LINE#         62
  C:0312H         LINE#         63
  C:0315H         LINE#         64
  C:0317H         LINE#         65
  C:031DH         LINE#         66
  C:031DH         LINE#         67
  C:0320H         LINE#         68
  C:0322H         LINE#         69
  C:0328H         LINE#         70
  C:0328H         LINE#         71
  C:032BH         LINE#         72
BL51 BANKED LINKER/LOCATER V6.22                                                      02/25/2026  10:48:09  PAGE 5


  C:032BH         LINE#         73
  C:032BH         LINE#         74
  C:032BH         LINE#         75
  C:032BH         LINE#         76
  -------         ENDPROC       SEC_LOOP
  -------         PROC          TIMER0_ROUTINE
  -------         DO            
  D:001EH         SYMBOL        T0Count1
  D:0020H         SYMBOL        T0Count2
  D:0022H         SYMBOL        T0Count3
  -------         ENDDO         
  C:0181H         LINE#         78
  C:019EH         LINE#         81
  C:01A1H         LINE#         82
  C:01A4H         LINE#         83
  C:01ACH         LINE#         84
  C:01B5H         LINE#         85
  C:01B5H         LINE#         86
  C:01BBH         LINE#         87
  C:01BEH         LINE#         88
  C:01BEH         LINE#         89
  C:01C6H         LINE#         90
  C:01CFH         LINE#         91
  C:01CFH         LINE#         92
  C:01D5H         LINE#         93
  C:01D8H         LINE#         94
  C:01D8H         LINE#         95
  C:01E0H         LINE#         96
  C:01E9H         LINE#         97
  C:01E9H         LINE#         98
  C:01EFH         LINE#         99
  C:01F2H         LINE#         100
  C:01F2H         LINE#         101
  -------         ENDPROC       TIMER0_ROUTINE
  -------         ENDMOD        MAIN

  -------         MODULE        AT24C02
  C:0000H         SYMBOL        _ICE_DUMMY_
  C:02ACH         PUBLIC        _AT24C02_ReadByte
  C:032CH         PUBLIC        _AT24C02_WriteByte
  -------         PROC          _AT24C02_WRITEBYTE
  D:002CH         SYMBOL        WordAddress
  D:002DH         SYMBOL        Data
  C:032CH         LINE#         6
  C:0332H         LINE#         7
  C:0332H         LINE#         8
  C:0335H         LINE#         9
  C:033AH         LINE#         10
  C:033DH         LINE#         11
  C:0342H         LINE#         12
  C:0345H         LINE#         13
  C:034AH         LINE#         14
  C:034DH         LINE#         15
  -------         ENDPROC       _AT24C02_WRITEBYTE
  -------         PROC          _AT24C02_READBYTE
  D:002CH         SYMBOL        WordAddress
  -------         DO            
BL51 BANKED LINKER/LOCATER V6.22                                                      02/25/2026  10:48:09  PAGE 6


  D:002DH         SYMBOL        Data
  -------         ENDDO         
  C:02ACH         LINE#         18
  C:02AEH         LINE#         19
  C:02AEH         LINE#         21
  C:02B1H         LINE#         22
  C:02B6H         LINE#         23
  C:02B9H         LINE#         24
  C:02BEH         LINE#         25
  C:02C1H         LINE#         26
  C:02C4H         LINE#         27
  C:02C9H         LINE#         28
  C:02CCH         LINE#         29
  C:02D1H         LINE#         30
  C:02D6H         LINE#         31
  C:02D9H         LINE#         32
  C:02DBH         LINE#         33
  -------         ENDPROC       _AT24C02_READBYTE
  -------         ENDMOD        AT24C02

  -------         MODULE        I2C
  C:0000H         SYMBOL        _ICE_DUMMY_
  D:0090H         PUBLIC        P1
  B:00A0H.1       PUBLIC        I2C_SCL
  D:00A0H         PUBLIC        P2
  D:00B0H         PUBLIC        P3
  D:00A8H         PUBLIC        IE
  D:00B8H         PUBLIC        IP
  C:03FEH         PUBLIC        I2C_Start
  D:0098H         PUBLIC        SCON
  D:0088H         PUBLIC        TCON
  C:03F4H         PUBLIC        _I2C_SendAck
  C:02DCH         PUBLIC        _I2C_SendByte
  C:0003H         PUBLIC        I2C_Stop
  D:00C8H         PUBLIC        T2CON
  C:03E8H         PUBLIC        I2C_ReceiveAck
  B:00A0H.0       PUBLIC        I2C_SDA
  D:00D0H         PUBLIC        PSW
  C:0350H         PUBLIC        I2C_ReceiveByte
  -------         PROC          I2C_START
  C:03FEH         LINE#         6
  C:03FEH         LINE#         7
  C:03FEH         LINE#         8
  C:0400H         LINE#         9
  C:0402H         LINE#         10
  C:0404H         LINE#         11
  C:0406H         LINE#         12
  -------         ENDPROC       I2C_START
  -------         PROC          I2C_STOP
  C:0003H         LINE#         14
  C:0003H         LINE#         15
  C:0003H         LINE#         16
  C:0005H         LINE#         17
  C:0007H         LINE#         18
  C:0009H         LINE#         19
  -------         ENDPROC       I2C_STOP
  -------         PROC          _I2C_SENDBYTE
BL51 BANKED LINKER/LOCATER V6.22                                                      02/25/2026  10:48:09  PAGE 7


  D:0005H         SYMBOL        Byte
  -------         DO            
  D:0003H         SYMBOL        i
  -------         ENDDO         
  C:02DCH         LINE#         21
  C:02DEH         LINE#         22
  C:02DEH         LINE#         24
  C:02E0H         LINE#         25
  C:02E0H         LINE#         26
  C:02FCH         LINE#         27
  C:02FEH         LINE#         28
  C:0300H         LINE#         29
  C:0304H         LINE#         30
  -------         ENDPROC       _I2C_SENDBYTE
  -------         PROC          I2C_RECEIVEBYTE
  -------         DO            
  D:0006H         SYMBOL        i
  D:0007H         SYMBOL        Byte
  -------         ENDDO         
  C:0350H         LINE#         32
  C:0350H         LINE#         33
  C:0350H         LINE#         34
  C:0352H         LINE#         35
  C:0354H         LINE#         36
  C:0355H         LINE#         37
  C:0355H         LINE#         38
  C:0357H         LINE#         39
  C:0367H         LINE#         40
  C:0369H         LINE#         41
  C:036DH         LINE#         42
  C:036DH         LINE#         43
  -------         ENDPROC       I2C_RECEIVEBYTE
  -------         PROC          _I2C_SENDACK
  D:0007H         SYMBOL        AckBit
  C:03F4H         LINE#         45
  C:03F4H         LINE#         46
  C:03F4H         LINE#         47
  C:03F9H         LINE#         48
  C:03FBH         LINE#         49
  C:03FDH         LINE#         50
  -------         ENDPROC       _I2C_SENDACK
  -------         PROC          I2C_RECEIVEACK
  -------         DO            
  D:0007H         SYMBOL        AckBit
  -------         ENDDO         
  C:03E8H         LINE#         53
  C:03E8H         LINE#         54
  C:03E8H         LINE#         56
  C:03EAH         LINE#         57
  C:03ECH         LINE#         58
  C:03F1H         LINE#         59
  C:03F3H         LINE#         60
  C:03F3H         LINE#         61
  -------         ENDPROC       I2C_RECEIVEACK
  -------         ENDMOD        I2C

  -------         MODULE        KEY
BL51 BANKED LINKER/LOCATER V6.22                                                      02/25/2026  10:48:09  PAGE 8


  C:0000H         SYMBOL        _ICE_DUMMY_
  D:0090H         PUBLIC        P1
  D:00B0H         PUBLIC        P3
  D:00A8H         PUBLIC        IE
  B:00B0H.0       PUBLIC        P3_0
  B:00B0H.1       PUBLIC        P3_1
  B:00B0H.2       PUBLIC        P3_2
  B:00B0H.3       PUBLIC        P3_3
  D:00B8H         PUBLIC        IP
  D:002BH         PUBLIC        Key_KeyNumber
  C:0273H         PUBLIC        Key_Loop
  C:0410H         PUBLIC        Key
  C:03BDH         PUBLIC        Key_GetState
  D:0098H         PUBLIC        SCON
  D:0088H         PUBLIC        TCON
  D:00C8H         PUBLIC        T2CON
  D:00D0H         PUBLIC        PSW
  -------         PROC          KEY
  -------         DO            
  D:0007H         SYMBOL        Temp
  -------         ENDDO         
  C:0410H         LINE#         9
  C:0410H         LINE#         10
  C:0410H         LINE#         11
  C:0411H         LINE#         12
  C:0413H         LINE#         13
  C:0415H         LINE#         14
  C:0415H         LINE#         15
  -------         ENDPROC       KEY
  -------         PROC          KEY_GETSTATE
  -------         DO            
  D:0007H         SYMBOL        KeyNumber
  -------         ENDDO         
  C:03BDH         LINE#         17
  C:03BDH         LINE#         18
  C:03BDH         LINE#         19
  C:03BFH         LINE#         21
  C:03C3H         LINE#         22
  C:03C8H         LINE#         23
  C:03CDH         LINE#         24
  C:03D2H         LINE#         26
  C:03D2H         LINE#         27
  -------         ENDPROC       KEY_GETSTATE
  -------         PROC          KEY_LOOP
  -------         DO            
  D:0029H         SYMBOL        NowState
  D:002AH         SYMBOL        LastState
  -------         ENDDO         
  C:0273H         LINE#         29
  C:0273H         LINE#         30
  C:0273H         LINE#         32
  C:0276H         LINE#         33
  C:027BH         LINE#         35
  C:0284H         LINE#         36
  C:0284H         LINE#         37
  C:0287H         LINE#         38
  C:0287H         LINE#         39
BL51 BANKED LINKER/LOCATER V6.22                                                      02/25/2026  10:48:09  PAGE 9


  C:0290H         LINE#         40
  C:0290H         LINE#         41
  C:0293H         LINE#         42
  C:0293H         LINE#         43
  C:029CH         LINE#         44
  C:029CH         LINE#         45
  C:029FH         LINE#         46
  C:029FH         LINE#         47
  C:02A8H         LINE#         48
  C:02A8H         LINE#         49
  C:02ABH         LINE#         50
  C:02ABH         LINE#         51
  -------         ENDPROC       KEY_LOOP
  -------         ENDMOD        KEY

  -------         MODULE        NIXIE
  C:0000H         SYMBOL        _ICE_DUMMY_
  D:0009H         PUBLIC        Nixie_Buf
  D:0080H         PUBLIC        P0
  D:0090H         PUBLIC        P1
  D:00A0H         PUBLIC        P2
  D:00B0H         PUBLIC        P3
  D:00A8H         PUBLIC        IE
  B:00A0H.2       PUBLIC        P2_2
  B:00A0H.3       PUBLIC        P2_3
  B:00A0H.4       PUBLIC        P2_4
  D:00B8H         PUBLIC        IP
  C:0407H         PUBLIC        _Nixie_SetBuf
  D:0098H         PUBLIC        SCON
  D:0088H         PUBLIC        TCON
  C:020DH         PUBLIC        _Nixie_Scan
  D:00C8H         PUBLIC        T2CON
  D:0012H         PUBLIC        NixieTable
  D:00D0H         PUBLIC        PSW
  C:038BH         PUBLIC        Nixie_Loop
  -------         PROC          _NIXIE_SETBUF
  D:0007H         SYMBOL        Location
  D:0004H         SYMBOL        Number
  C:0407H         LINE#         12
  C:0407H         LINE#         13
  C:0407H         LINE#         14
  C:040FH         LINE#         15
  -------         ENDPROC       _NIXIE_SETBUF
  -------         PROC          _NIXIE_SCAN
  D:0007H         SYMBOL        Location
  D:0004H         SYMBOL        Number
  C:020DH         LINE#         17
  C:020DH         LINE#         18
  C:020DH         LINE#         19
  C:0210H         LINE#         20
  C:023DH         LINE#         21
  C:023DH         LINE#         22
  C:0241H         LINE#         23
  C:0245H         LINE#         24
  C:0249H         LINE#         25
  C:024DH         LINE#         26
  C:0255H         LINE#         27
BL51 BANKED LINKER/LOCATER V6.22                                                      02/25/2026  10:48:09  PAGE 10


  C:025DH         LINE#         28
  C:0265H         LINE#         29
  C:026BH         LINE#         30
  C:026BH         LINE#         31
  C:0272H         LINE#         32
  -------         ENDPROC       _NIXIE_SCAN
  -------         PROC          NIXIE_LOOP
  -------         DO            
  D:0008H         SYMBOL        i
  -------         ENDDO         
  C:038BH         LINE#         35
  C:038BH         LINE#         36
  C:038BH         LINE#         38
  C:0399H         LINE#         39
  C:039BH         LINE#         40
  C:03A5H         LINE#         41
  -------         ENDPROC       NIXIE_LOOP
  -------         ENDMOD        NIXIE

  -------         MODULE        TIMER0
  C:0000H         SYMBOL        _ICE_DUMMY_
  D:0090H         PUBLIC        P1
  D:00B0H         PUBLIC        P3
  B:00A8H.7       PUBLIC        EA
  D:00A8H         PUBLIC        IE
  D:00B8H         PUBLIC        IP
  C:03A6H         PUBLIC        Timer0_Init
  D:0098H         PUBLIC        SCON
  D:0089H         PUBLIC        TMOD
  D:0088H         PUBLIC        TCON
  B:00A8H.1       PUBLIC        ET0
  B:0088H.5       PUBLIC        TF0
  D:008CH         PUBLIC        TH0
  D:008AH         PUBLIC        TL0
  B:00B8H.1       PUBLIC        PT0
  B:0088H.4       PUBLIC        TR0
  D:00C8H         PUBLIC        T2CON
  D:00D0H         PUBLIC        PSW
  -------         PROC          TIMER0_INIT
  C:03A6H         LINE#         3
  C:03A6H         LINE#         4
  C:03A6H         LINE#         5
  C:03A9H         LINE#         6
  C:03ACH         LINE#         7
  C:03AFH         LINE#         8
  C:03B2H         LINE#         9
  C:03B4H         LINE#         10
  C:03B6H         LINE#         11
  C:03B8H         LINE#         12
  C:03BAH         LINE#         13
  C:03BCH         LINE#         14
  -------         ENDPROC       TIMER0_INIT
  -------         ENDMOD        TIMER0

  -------         MODULE        DELAY
  C:0000H         SYMBOL        _ICE_DUMMY_
  C:03D3H         PUBLIC        _Delay
BL51 BANKED LINKER/LOCATER V6.22                                                      02/25/2026  10:48:09  PAGE 11


  -------         PROC          _DELAY
  D:0006H         SYMBOL        xms
  -------         DO            
  D:0005H         SYMBOL        i
  D:0004H         SYMBOL        j
  -------         ENDDO         
  C:03D3H         LINE#         2
  C:03D3H         LINE#         3
  C:03D3H         LINE#         5
  C:03DDH         LINE#         6
  C:03DDH         LINE#         7
  C:03DFH         LINE#         8
  C:03E1H         LINE#         10
  C:03E1H         LINE#         11
  C:03E3H         LINE#         12
  C:03E5H         LINE#         13
  C:03E7H         LINE#         14
  -------         ENDPROC       _DELAY
  -------         ENDMOD        DELAY

Program Size: data=48.0 xdata=0 code=1045
LINK/LOCATE RUN COMPLETE.  0 WARNING(S),  0 ERROR(S)
