C51 COMPILER V9.55   MAIN                                                                  02/16/2026 17:35:13 PAGE 1   


C51 COMPILER V9.55, COMPILATION OF MODULE MAIN
OBJECT MODULE PLACED IN .\Objects\main.obj
COMPILER INVOKED BY: D:\KEIL\C51\BIN\C51.EXE main.c OPTIMIZE(8,SPEED) BROWSE DEBUG OBJECTEXTEND PRINT(.\Listings\main.ls
                    -t) TABS(2) OBJECT(.\Objects\main.obj)

line level    source

   1          //#include "Delay.h"
   2          //#include "Timer0.h"
   3          //#include <reg52.h>
   4          #include "LCD1602.h"
   5          //sbit Buzzer=P2^5;
   6          
   7          //#define SPEED 500
   8          
   9          //#define P   0
  10          //#define L1  1
  11          //#define L1_ 2
  12          //#define L2  3
  13          //#define L2_ 4
  14          //#define L3  5
  15          //#define L4  6
  16          //#define L4_ 7
  17          //#define L5  8
  18          //#define L5_ 9
  19          //#define L6  10
  20          //#define L6_ 11
  21          //#define L7  12
  22          //#define M1  13
  23          //#define M1_ 14
  24          //#define M2  15
  25          //#define M2_ 16
  26          //#define M3  17
  27          //#define M4  18
  28          //#define M4_ 19
  29          //#define M5  20
  30          //#define M5_ 21
  31          //#define M6  22
  32          //#define M6_ 23
  33          //#define M7  24
  34          //#define H1  25
  35          //#define H1_ 26
  36          //#define H2  27
  37          //#define H2_ 28
  38          //#define H3  29
  39          //#define H4  30
  40          //#define H4_ 31
  41          //#define H5  32
  42          //#define H5_ 33
  43          //#define H6  34
  44          //#define H6_ 35
  45          //#define H7  36
  46          
  47          ////Ë÷ÒýÆµÂÊ
  48          //unsigned int FreqTable[]={
  49          //  0,
  50          //  63628,63731,63835,63928,64021,64103,64185,64260,64331,64400,64463,64528,
  51          //  64580,64633,64684,64732,64777,64820,64860,64898,64934,64968,65000,65030,
  52          //  65058,65085,65110,65134,65157,65178,65198,65217,65235,65252,65268,65283,
  53          //};
  54          ////unsigned char code Music[]={
C51 COMPILER V9.55   MAIN                                                                  02/16/2026 17:35:13 PAGE 2   

  55          
  56          ////  P,4,
  57          ////  P,4,
  58          ////  P,4,
  59          ////  P,4,
  60          ////  
  61          ////  H3,4,
  62          ////  H3,2,
  63          ////  H2,2,
  64          ////  H1,2,
  65          ////  P,2,
  66          ////  P,4,
  67          ////  H3,4,
  68          ////  H3,2,
  69          ////  H2,2,
  70          ////  H1,2,
  71          ////  P,2,
  72          ////  P,4,
  73          ////  
  74          ////  H3,4,
  75          ////  H3,2,
  76          ////  H2,2,
  77          ////  H1,4,
  78          ////  M5,4,
  79          ////  M3,4,
  80          ////  M6,4,
  81          ////  M5,4,
  82          ////  P,2,
  83          ////  M6,2,
  84          ////  M5,4,
  85          ////  M6,4,
  86          ////  M5,4,
  87          ////  P,2,
  88          ////  M6,2,
  89          ////  
  90          ////  M5,1,
  91          ////  M6,1,
  92          ////  M7,1,
  93          ////  M6,1,
  94          ////  M5,1,
  95          ////  M6,1,
  96          ////  M7,1,
  97          ////  M6,1,
  98          ////  
  99          ////  M5,4,
 100          ////  M5,4,
 101          ////  M5,4,
 102          ////  P,4,
 103          ////  
 104          ////  M5,4,
 105          ////  M5,2,
 106          ////  M6,2,
 107          ////  M5,2,
 108          ////  P,2,
 109          ////  
 110          ////  M5,2,
 111          ////  M6,2,
 112          ////  H1,4,
 113          ////  H1,2,
 114          ////  M6,2,
 115          ////  H1,2,
 116          ////  P,2,
C51 COMPILER V9.55   MAIN                                                                  02/16/2026 17:35:13 PAGE 3   

 117          ////  H1,2,
 118          ////  H2,2,
 119          ////  H3,4,
 120          ////  H3,2,
 121          ////  H2,2,
 122          ////  H3,4,
 123          ////  H3,2,
 124          ////  H2,2,
 125          ////  H3,4,
 126          ////  H3,2,
 127          ////  H2,2,
 128          ////  H1,4,
 129          ////  H1,2,
 130          ////  M6,2,
 131          ////  M5,4,
 132          ////  M5,2,
 133          ////  M6,2,
 134          ////  M5,4,
 135          ////  M5,2,
 136          ////  M6,2,
 137          ////  M5,2,
 138          ////  P,2,
 139          ////  
 140          ////  M5,2,
 141          ////  M6,2,
 142          ////  H1,4,
 143          ////  H1,2,
 144          ////  M6,2,
 145          ////  H1,2,
 146          ////  P,2,
 147          ////  H1,2,
 148          ////  H2,2,
 149          ////  H3,4,
 150          ////  H3,2,
 151          ////  H2,2,
 152          ////  H3,4,
 153          ////  H3,2,
 154          ////  H2,2,
 155          ////  H3,4,
 156          ////  H3,2,
 157          ////  H2,2,
 158          ////  H1,4,
 159          ////  
 160          ////  P,4,
 161          ////  
 162          ////  0xFF
 163          ////  
 164          ////};
 165          
 166          //unsigned char code Music[]={
 167          //  P,  4,
 168          //  P,  4,
 169          //  P,  4,
 170          //  M6, 2,
 171          //  M7, 2,
 172          //  
 173          //  H1, 4+2,
 174          //  M7, 2,
 175          //  H1, 4,
 176          //  H3, 4,
 177          //  
 178          //  M7, 4+4+4,
C51 COMPILER V9.55   MAIN                                                                  02/16/2026 17:35:13 PAGE 4   

 179          //  M3, 2,
 180          //  M3, 2,
 181          //  
 182          //  //2
 183          //  M6, 4+2,
 184          //  M5, 2,
 185          //  M6, 4,
 186          //  H1, 4,
 187          //  
 188          //  M5, 4+4+4,
 189          //  M3, 4,
 190          //  
 191          //  M4, 4+2,
 192          //  M3, 2,
 193          //  M4, 4,
 194          //  H1, 4,
 195          //  
 196          //  //3
 197          //  M3, 4+4,
 198          //  P,  2,
 199          //  H1, 2,
 200          //  H1, 2,
 201          //  H1, 2,
 202          //  
 203          //  M7, 4+2,
 204          //  M4_,2,
 205          //  M4_,4,
 206          //  M7, 4,
 207          //  
 208          //  M7, 8,
 209          //  P,  4,
 210          //  M6, 2,
 211          //  M7, 2,
 212          //  
 213          //  //4
 214          //  H1, 4+2,
 215          //  M7, 2,
 216          //  H1, 4,
 217          //  H3, 4,
 218          //  
 219          //  M7, 4+4+4,
 220          //  M3, 2,
 221          //  M3, 2,
 222          //  
 223          //  M6, 4+2,
 224          //  M5, 2,
 225          //  M6, 4,
 226          //  H1, 4,
 227          //  
 228          //  //5
 229          //  M5, 4+4+4,
 230          //  M2, 2,
 231          //  M3, 2,
 232          //  
 233          //  M4, 4,
 234          //  H1, 2,
 235          //  M7, 2+2,
 236          //  H1, 2+4,
 237          //  
 238          //  H2, 2,
 239          //  H2, 2,
 240          //  H3, 2,
C51 COMPILER V9.55   MAIN                                                                  02/16/2026 17:35:13 PAGE 5   

 241          //  H1, 2+4+4,
 242          //  
 243          //  //6
 244          //  H1, 2,
 245          //  M7, 2,
 246          //  M6, 2,
 247          //  M6, 2,
 248          //  M7, 4,
 249          //  M5_,4,
 250          //  
 251          //  
 252          //  M6, 4+4+4,
 253          //  H1, 2,
 254          //  H2, 2,
 255          //  
 256          //  H3, 4+2,
 257          //  H2, 2,
 258          //  H3, 4,
 259          //  H5, 4,
 260          //  
 261          //  //7
 262          //  H2, 4+4+4,
 263          //  M5, 2,
 264          //  M5, 2,
 265          //  
 266          //  H1, 4+2,
 267          //  M7, 2,
 268          //  H1, 4,
 269          //  H3, 4,
 270          //  
 271          //  H3, 4+4+4+4,
 272          //  
 273          //  //8
 274          //  M6, 2,
 275          //  M7, 2,
 276          //  H1, 4,
 277          //  M7, 4,
 278          //  H2, 2,
 279          //  H2, 2,
 280          //  
 281          //  H1, 4+2,
 282          //  M5, 2+4+4,
 283          //  
 284          //  H4, 4,
 285          //  H3, 4,
 286          //  H3, 4,
 287          //  H1, 4,
 288          //  
 289          //  //9
 290          //  H3, 4+4+4,
 291          //  H3, 4,
 292          //  
 293          //  H6, 4+4,
 294          //  H5, 4,
 295          //  H5, 4,
 296          //  
 297          //  H3, 2,
 298          //  H2, 2,
 299          //  H1, 4+4,
 300          //  P,  2,
 301          //  H1, 2,
 302          //  
C51 COMPILER V9.55   MAIN                                                                  02/16/2026 17:35:13 PAGE 6   

 303          //  //10
 304          //  H2, 4,
 305          //  H1, 2,
 306          //  H2, 2,
 307          //  H2, 4,
 308          //  H5, 4,
 309          //  
 310          //  H3, 4+4+4,
 311          //  H3, 4,
 312          //  
 313          //  H6, 4+4,
 314          //  H5, 4+4,
 315          //  
 316          //  //11
 317          //  H3, 2,
 318          //  H2, 2,
 319          //  H1, 4+4,
 320          //  P,  2,
 321          //  H1, 2,
 322          //  
 323          //  H2, 4,
 324          //  H1, 2,
 325          //  H2, 2+4,
 326          //  M7, 4,
 327          //  
 328          //  M6, 4+4+4,
 329          //  P,  4,
 330          //  
 331          //  0xFF  
 332          //};
 333          
 334          //unsigned char FreqSelect,MusicSelect;
 335          
 336          //void main()
 337          //{
 338          //  Timer0Init();
 339          
 340          //  while(1)
 341          //  {
 342          //    if(Music[MusicSelect]!=0xFF)
 343          //    {
 344          //      FreqSelect=Music[MusicSelect];
 345          //      MusicSelect++;
 346          //      Delay(SPEED/4*Music[MusicSelect]);
 347          //      MusicSelect++;
 348          //      TR0=0;
 349          //      Delay(5);
 350          //      TR0=1;
 351          //    }
 352          //    else
 353          //    {
 354          //      TR0=0;
 355          //      while(1);
 356          //    }
 357          //  }
 358          //}
 359          
 360          //void Timer0_Routine() interrupt 1
 361          //{
 362          //  if(FreqTable[FreqSelect])
 363          //  {
 364          //    TL0 = FreqTable[FreqSelect]%256;
C51 COMPILER V9.55   MAIN                                                                  02/16/2026 17:35:13 PAGE 7   

 365          //    TH0 = FreqTable[FreqSelect]/256;
 366          //    Buzzer=!Buzzer;
 367          //  }
 368          //    
 369          //}
 370          #include <reg52.h>
 371          #include "Delay.h"
 372          #include "Timer0.h"
 373          
 374          //???????
 375          sbit Buzzer=P2^5;
 376          
 377          //????,?????????(ms)
 378          #define SPEED 250
 379          
 380          //????????,P:???,L:??,M:??,H:??,???:?????#
 381          #define P 0
 382          #define L1  1
 383          #define L1_ 2
 384          #define L2  3
 385          #define L2_ 4
 386          #define L3  5
 387          #define L4  6
 388          #define L4_ 7
 389          #define L5  8
 390          #define L5_ 9
 391          #define L6  10
 392          #define L6_ 11
 393          #define L7  12
 394          #define M1  13
 395          #define M1_ 14
 396          #define M2  15
 397          #define M2_ 16
 398          #define M3  17
 399          #define M4  18
 400          #define M4_ 19
 401          #define M5  20
 402          #define M5_ 21
 403          #define M6  22
 404          #define M6_ 23
 405          #define M7  24
 406          #define H1  25
 407          #define H1_ 26
 408          #define H2  27
 409          #define H2_ 28
 410          #define H3  29
 411          #define H4  30
 412          #define H4_ 31
 413          #define H5  32
 414          #define H5_ 33
 415          #define H6  34
 416          #define H6_ 35
 417          #define H7  36
 418          
 419          //????????
 420          unsigned int FreqTable[]={
 421            0,
 422            63628,63731,63835,63928,64021,64103,64185,64260,64331,64400,64463,64528,
 423            64580,64633,64684,64732,64777,64820,64860,64898,64934,64968,65000,65030,
 424            65058,65085,65110,65134,65157,65178,65198,65217,65235,65252,65268,65283,
 425          };
 426          
C51 COMPILER V9.55   MAIN                                                                  02/16/2026 17:35:13 PAGE 8   

 427          //??
 428          //unsigned char code Music[]={
 429          //  //??,??,
 430          //  
 431          //  //1
 432          //  P,  4,
 433          //  P,  4,
 434          //  P,  4,
 435          //  M6, 2,
 436          //  M7, 2,
 437          //  
 438          //  H1, 4+2,
 439          //  M7, 2,
 440          //  H1, 4,
 441          //  H3, 4,
 442          //  
 443          //  M7, 4+4+4,
 444          //  M3, 2,
 445          //  M3, 2,
 446          //  
 447          //  //2
 448          //  M6, 4+2,
 449          //  M5, 2,
 450          //  M6, 4,
 451          //  H1, 4,
 452          //  
 453          //  M5, 4+4+4,
 454          //  M3, 4,
 455          //  
 456          //  M4, 4+2,
 457          //  M3, 2,
 458          //  M4, 4,
 459          //  H1, 4,
 460          //  
 461          //  //3
 462          //  M3, 4+4,
 463          //  P,  2,
 464          //  H1, 2,
 465          //  H1, 2,
 466          //  H1, 2,
 467          //  
 468          //  M7, 4+2,
 469          //  M4_,2,
 470          //  M4_,4,
 471          //  M7, 4,
 472          //  
 473          //  M7, 8,
 474          //  P,  4,
 475          //  M6, 2,
 476          //  M7, 2,
 477          //  
 478          //  //4
 479          //  H1, 4+2,
 480          //  M7, 2,
 481          //  H1, 4,
 482          //  H3, 4,
 483          //  
 484          //  M7, 4+4+4,
 485          //  M3, 2,
 486          //  M3, 2,
 487          //  
 488          //  M6, 4+2,
C51 COMPILER V9.55   MAIN                                                                  02/16/2026 17:35:13 PAGE 9   

 489          //  M5, 2,
 490          //  M6, 4,
 491          //  H1, 4,
 492          //  
 493          //  //5
 494          //  M5, 4+4+4,
 495          //  M2, 2,
 496          //  M3, 2,
 497          //  
 498          //  M4, 4,
 499          //  H1, 2,
 500          //  M7, 2+2,
 501          //  H1, 2+4,
 502          //  
 503          //  H2, 2,
 504          //  H2, 2,
 505          //  H3, 2,
 506          //  H1, 2+4+4,
 507          //  
 508          //  //6
 509          //  H1, 2,
 510          //  M7, 2,
 511          //  M6, 2,
 512          //  M6, 2,
 513          //  M7, 4,
 514          //  M5_,4,
 515          //  
 516          //  
 517          //  M6, 4+4+4,
 518          //  H1, 2,
 519          //  H2, 2,
 520          //  
 521          //  H3, 4+2,
 522          //  H2, 2,
 523          //  H3, 4,
 524          //  H5, 4,
 525          //  
 526          //  //7
 527          //  H2, 4+4+4,
 528          //  M5, 2,
 529          //  M5, 2,
 530          //  
 531          //  H1, 4+2,
 532          //  M7, 2,
 533          //  H1, 4,
 534          //  H3, 4,
 535          //  
 536          //  H3, 4+4+4+4,
 537          //  
 538          //  //8
 539          //  M6, 2,
 540          //  M7, 2,
 541          //  H1, 4,
 542          //  M7, 4,
 543          //  H2, 2,
 544          //  H2, 2,
 545          //  
 546          //  H1, 4+2,
 547          //  M5, 2+4+4,
 548          //  
 549          //  H4, 4,
 550          //  H3, 4,
C51 COMPILER V9.55   MAIN                                                                  02/16/2026 17:35:13 PAGE 10  

 551          //  H3, 4,
 552          //  H1, 4,
 553          //  
 554          //  //9
 555          //  H3, 4+4+4,
 556          //  H3, 4,
 557          //  
 558          //  H6, 4+4,
 559          //  H5, 4,
 560          //  H5, 4,
 561          //  
 562          //  H3, 2,
 563          //  H2, 2,
 564          //  H1, 4+4,
 565          //  P,  2,
 566          //  H1, 2,
 567          //  
 568          //  //10
 569          //  H2, 4,
 570          //  H1, 2,
 571          //  H2, 2,
 572          //  H2, 4,
 573          //  H5, 4,
 574          //  
 575          //  H3, 4+4+4,
 576          //  H3, 4,
 577          //  
 578          //  H6, 4+4,
 579          //  H5, 4+4,
 580          //  
 581          //  //11
 582          //  H3, 2,
 583          //  H2, 2,
 584          //  H1, 4+4,
 585          //  P,  2,
 586          //  H1, 2,
 587          //  
 588          //  H2, 4,
 589          //  H1, 2,
 590          //  H2, 2+4,
 591          //  M7, 4,
 592          //  
 593          //  M6, 4+4+4,
 594          //  P,  4,
 595          //  
 596          //  0xFF  //????
 597          //};
 598          
 599          unsigned char code Music[]={
 600          
 601            P,4,
 602            P,4,
 603            P,4,
 604            P,4,
 605            
 606            H3,2,
 607            P,2,
 608            H3,2,
 609            H2,2,
 610            H1,2,
 611            P,2,
 612            P,4,
C51 COMPILER V9.55   MAIN                                                                  02/16/2026 17:35:13 PAGE 11  

 613            H3,2,
 614            P,2,
 615            H3,2,
 616            H2,2,
 617            H1,2,
 618            P,2,
 619            P,4,
 620            
 621            H3,2,
 622            P,2,
 623            H3,2,
 624            H2,2,
 625            H1,2,
 626            P,2,
 627            M5,2,
 628              P,2,
 629            M3,2,
 630              P,2,
 631            M6,2,
 632              P,2,
 633            M5,2,
 634              P,2,
 635            P,2,
 636            M6,2,
 637            M5,2,
 638              P,2,
 639            M6,2,
 640              P,2,
 641            M5,2,
 642              P,2,
 643            P,2,
 644            M6,2,M5,1,
 645            M6,1,
 646            M7,1,
 647            M6,1,
 648            M5,1,
 649            M6,1,
 650            M7,1,
 651            M6,1,
 652            
 653            M5,1,
 654            M6,1,
 655            M7,1,
 656            M6,1,
 657            M5,1,
 658            M6,1,
 659            M7,1,
 660            M6,1,
 661            M5,1,
 662            M6,1,
 663            M7,1,
 664            M6,1,
 665            M5,1,
 666            M6,1,
 667            M7,1,
 668            M6,1,
 669            M5,1,
 670            M6,1,
 671            M7,1,
 672            M6,1,
 673            M5,1,
 674            M6,1,
C51 COMPILER V9.55   MAIN                                                                  02/16/2026 17:35:13 PAGE 12  

 675            M7,1,
 676            M6,1,
 677            
 678            M5,4,
 679            M5,4,
 680            M5,4,
 681            P,4,
 682            
 683            M5,4,
 684            M5,2,
 685            M6,2,
 686            M5,2,
 687            P,2,
 688            
 689            M5,2,
 690            M6,2,
 691            H1,4,
 692            H1,2,
 693            M6,2,
 694            H1,2,
 695            
 696            P,2,
 697            H1,2,
 698            H2,2,
 699            H3,4,
 700            H3,2,
 701            H2,2,
 702            H3,4,
 703            H3,2,
 704            H2,2,
 705            H3,4,
 706            H3,2,
 707            H2,2,
 708            H1,4,
 709            
 710            H1,2,
 711            M6,2,
 712            M5,4,
 713            M5,2,
 714            M6,2,
 715            M5,4,
 716            M5,2,
 717            M6,2,
 718            H1,4,
 719            H1,2,
 720            M6,2,
 721            H1,2,
 722            
 723            P,2,
 724            H1,2,
 725            H2,2,
 726            H3,4,
 727            H3,2,
 728            H2,2,
 729            H3,4,
 730            H3,2,
 731            H2,2,
 732            H3,4,
 733            H3,2,
 734            H2,2,
 735            H1,4,
 736          
C51 COMPILER V9.55   MAIN                                                                  02/16/2026 17:35:13 PAGE 13  

 737            
 738            0xFF
 739            
 740          };
 741          unsigned char FreqSelect,MusicSelect;
 742          
 743          void main()
 744          {
 745   1        Timer0Init();
 746   1        LCD_ShowString(1,1,"HAPPY NEW YEAR");
 747   1        while(1)
 748   1        {
 749   2          if(Music[MusicSelect]!=0xFF)  //?????????
 750   2          {
 751   3            FreqSelect=Music[MusicSelect];  //?????????
 752   3            MusicSelect++;
 753   3            Delay(SPEED/4*Music[MusicSelect]);  //?????????
 754   3            MusicSelect++;
 755   3            TR0=0;
 756   3            Delay(5); //???????
 757   3            TR0=1;
 758   3          }
 759   2          else  //????????
 760   2          {
 761   3            TR0=0;
 762   3            while(1);
 763   3          }
 764   2        }
 765   1          LCD_ShowString(1,1,"HAPPY NEW YEAR");
 766   1      }
 767          
 768          void Timer0_Routine() interrupt 1
 769          {
 770   1        if(FreqTable[FreqSelect]) //???????
 771   1        {
 772   2          /*???????????????*/
 773   2          TL0 = FreqTable[FreqSelect]%256;    //??????
 774   2          TH0 = FreqTable[FreqSelect]/256;    //??????
 775   2          Buzzer=!Buzzer; //?????IO?
 776   2        }
 777   1      }
*** WARNING C294 IN LINE 765 OF main.c: unreachable code


MODULE INFORMATION:   STATIC OVERLAYABLE
   CODE SIZE        =    114    ----
   CONSTANT SIZE    =    270    ----
   XDATA SIZE       =   ----    ----
   PDATA SIZE       =   ----    ----
   DATA SIZE        =     76    ----
   IDATA SIZE       =   ----    ----
   BIT SIZE         =   ----    ----
END OF MODULE INFORMATION.


C51 COMPILATION COMPLETE.  1 WARNING(S),  0 ERROR(S)
